Mon Oct 14 2019 15:57:48 GMT+0800 (China Standard Time) easy-node-logger: Mon Oct 14 2019 15:57:48 GMT+0800 (China Standard Time) test info methodMon Oct 14 2019 15:57:48 GMT+0800 (China Standard Time) easy-node-logger: Mon Oct 14 2019 15:57:48 GMT+0800 (China Standard Time) test info methodMon Oct 14 2019 15:57:48 GMT+0800 (China Standard Time) easy-node-logger: Mon Oct 14 2019 15:57:48 GMT+0800 (China Standard Time) test info methodMon Oct 14 2019 15:57:48 GMT+0800 (China Standard Time) easy-node-logger: Mon Oct 14 2019 15:57:48 GMT+0800 (China Standard Time) test info methodMon Oct 14 2019 15:57:48 GMT+0800 (China Standard Time) easy-node-logger: Mon Oct 14 2019 15:57:48 GMT+0800 (China Standard Time) test info methodMon Oct 14 2019 15:57:48 GMT+0800 (China Standard Time) easy-node-logger: Mon Oct 14 2019 15:57:48 GMT+0800 (China Standard Time) test info methodMon Oct 14 2019 15:57:48 GMT+0800 (China Standard Time) easy-node-logger: Mon Oct 14 2019 15:57:48 GMT+0800 (China Standard Time) test info methodMon Oct 14 2019 15:57:48 GMT+0800 (China Standard Time) easy-node-logger: Mon Oct 14 2019 15:57:48 GMT+0800 (China Standard Time) test info methodMon Oct 14 2019 15:57:48 GMT+0800 (China Standard Time) easy-node-logger: Mon Oct 14 2019 15:57:48 GMT+0800 (China Standard Time) test info methodMon Oct 14 2019 15:57:48 GMT+0800 (China Standard Time) easy-node-logger: Mon Oct 14 2019 15:57:48 GMT+0800 (China Standard Time) test info methodMon Oct 14 2019 15:57:48 GMT+0800 (China Standard Time) easy-node-logger: Mon Oct 14 2019 15:57:48 GMT+0800 (China Standard Time) test info methodMon Oct 14 2019 15:57:48 GMT+0800 (China Standard Time) easy-node-logger: Mon Oct 14 2019 15:57:48 GMT+0800 (China Standard Time) test info methodMon Oct 14 2019 15:57:48 GMT+0800 (China Standard Time) easy-node-logger: Mon Oct 14 2019 15:57:48 GMT+0800 (China Standard Time) test info methodMon Oct 14 2019 15:57:48 GMT+0800 (China Standard Time) easy-node-logger: Mon Oct 14 2019 15:57:48 GMT+0800 (China Standard Time) test info methodMon Oct 14 2019 15:57:48 GMT+0800 (China Standard Time) easy-node-logger: Mon Oct 14 2019 15:57:48 GMT+0800 (China Standard Time) test info methodMon Oct 14 2019 15:57:48 GMT+0800 (China Standard Time) easy-node-logger: Mon Oct 14 2019 15:57:48 GMT+0800 (China Standard Time) test info methodMon Oct 14 2019 15:57:48 GMT+0800 (China Standard Time) easy-node-logger: Mon Oct 14 2019 15:57:48 GMT+0800 (China Standard Time) test info methodMon Oct 14 2019 15:57:48 GMT+0800 (China Standard Time) easy-node-logger: Mon Oct 14 2019 15:57:48 GMT+0800 (China Standard Time) test info methodMon Oct 14 2019 15:57:48 GMT+0800 (China Standard Time) easy-node-logger: Mon Oct 14 2019 15:57:48 GMT+0800 (China Standard Time) test info methodMon Oct 14 2019 15:57:48 GMT+0800 (China Standard Time) easy-node-logger: Mon Oct 14 2019 15:57:48 GMT+0800 (China Standard Time) test info methodMon Oct 14 2019 15:57:48 GMT+0800 (China Standard Time) easy-node-logger: Mon Oct 14 2019 15:57:48 GMT+0800 (China Standard Time) test info methodMon Oct 14 2019 15:57:48 GMT+0800 (China Standard Time) easy-node-logger: Mon Oct 14 2019 15:57:48 GMT+0800 (China Standard Time) test info methodMon Oct 14 2019 15:57:48 GMT+0800 (China Standard Time) easy-node-logger: Mon Oct 14 2019 15:57:48 GMT+0800 (China Standard Time) test info methodMon Oct 14 2019 15:57:48 GMT+0800 (China Standard Time) easy-node-logger: Mon Oct 14 2019 15:57:48 GMT+0800 (China Standard Time) test info methodMon Oct 14 2019 15:57:48 GMT+0800 (China Standard Time) easy-node-logger: Mon Oct 14 2019 15:57:48 GMT+0800 (China Standard Time) test info methodMon Oct 14 2019 15:57:48 GMT+0800 (China Standard Time) easy-node-logger: Mon Oct 14 2019 15:57:48 GMT+0800 (China Standard Time) test info methodMon Oct 14 2019 15:57:48 GMT+0800 (China Standard Time) easy-node-logger: Mon Oct 14 2019 15:57:48 GMT+0800 (China Standard Time) test info methodMon Oct 14 2019 15:57:48 GMT+0800 (China Standard Time) easy-node-logger: Mon Oct 14 2019 15:57:48 GMT+0800 (China Standard Time) test info methodMon Oct 14 2019 15:57:48 GMT+0800 (China Standard Time) easy-node-logger: Mon Oct 14 2019 15:57:48 GMT+0800 (China Standard Time) test info methodMon Oct 14 2019 15:57:48 GMT+0800 (China Standard Time) easy-node-logger: Mon Oct 14 2019 15:57:48 GMT+0800 (China Standard Time) test info methodMon Oct 14 2019 15:57:48 GMT+0800 (China Standard Time) easy-node-logger: Mon Oct 14 2019 15:57:48 GMT+0800 (China Standard Time) test info methodMon Oct 14 2019 15:57:48 GMT+0800 (China Standard Time) easy-node-logger: Mon Oct 14 2019 15:57:48 GMT+0800 (China Standard Time) test info methodMon Oct 14 2019 15:57:48 GMT+0800 (China Standard Time) easy-node-logger: Mon Oct 14 2019 15:57:48 GMT+0800 (China Standard Time) test info methodMon Oct 14 2019 15:57:48 GMT+0800 (China Standard Time) easy-node-logger: Mon Oct 14 2019 15:57:48 GMT+0800 (China Standard Time) test info methodMon Oct 14 2019 15:57:48 GMT+0800 (China Standard Time) easy-node-logger: Mon Oct 14 2019 15:57:48 GMT+0800 (China Standard Time) test info methodMon Oct 14 2019 15:57:48 GMT+0800 (China Standard Time) easy-node-logger: Mon Oct 14 2019 15:57:48 GMT+0800 (China Standard Time) test info methodMon Oct 14 2019 15:57:48 GMT+0800 (China Standard Time) easy-node-logger: Mon Oct 14 2019 15:57:48 GMT+0800 (China Standard Time) test info methodMon Oct 14 2019 15:57:48 GMT+0800 (China Standard Time) easy-node-logger: Mon Oct 14 2019 15:57:48 GMT+0800 (China Standard Time) test info methodMon Oct 14 2019 15:57:48 GMT+0800 (China Standard Time) easy-node-logger: Mon Oct 14 2019 15:57:48 GMT+0800 (China Standard Time) test info methodMon Oct 14 2019 15:57:48 GMT+0800 (China Standard Time) easy-node-logger: Mon Oct 14 2019 15:57:48 GMT+0800 (China Standard Time) test info methodMon Oct 14 2019 15:57:48 GMT+0800 (China Standard Time) easy-node-logger: Mon Oct 14 2019 15:57:48 GMT+0800 (China Standard Time) test info methodMon Oct 14 2019 15:57:48 GMT+0800 (China Standard Time) easy-node-logger: Mon Oct 14 2019 15:57:48 GMT+0800 (China Standard Time) test info methodMon Oct 14 2019 15:57:48 GMT+0800 (China Standard Time) easy-node-logger: Mon Oct 14 2019 15:57:48 GMT+0800 (China Standard Time) test info methodMon Oct 14 2019 15:57:48 GMT+0800 (China Standard Time) easy-node-logger: Mon Oct 14 2019 15:57:48 GMT+0800 (China Standard Time) test info methodMon Oct 14 2019 15:57:48 GMT+0800 (China Standard Time) easy-node-logger: Mon Oct 14 2019 15:57:48 GMT+0800 (China Standard Time) test info methodMon Oct 14 2019 15:57:48 GMT+0800 (China Standard Time) easy-node-logger: Mon Oct 14 2019 15:57:48 GMT+0800 (China Standard Time) test info methodMon Oct 14 2019 15:57:48 GMT+0800 (China Standard Time) easy-node-logger: Mon Oct 14 2019 15:57:48 GMT+0800 (China Standard Time) test info methodMon Oct 14 2019 15:57:48 GMT+0800 (China Standard Time) easy-node-logger: Mon Oct 14 2019 15:57:48 GMT+0800 (China Standard Time) test info methodMon Oct 14 2019 15:57:48 GMT+0800 (China Standard Time) easy-node-logger: Mon Oct 14 2019 15:57:48 GMT+0800 (China Standard Time) test info methodMon Oct 14 2019 15:57:48 GMT+0800 (China Standard Time) easy-node-logger: Mon Oct 14 2019 15:57:48 GMT+0800 (China Standard Time) test info methodMon Oct 14 2019 15:57:48 GMT+0800 (China Standard Time) easy-node-logger: Mon Oct 14 2019 15:57:48 GMT+0800 (China Standard Time) test info methodMon Oct 14 2019 15:57:48 GMT+0800 (China Standard Time) easy-node-logger: Mon Oct 14 2019 15:57:48 GMT+0800 (China Standard Time) test info methodMon Oct 14 2019 15:57:48 GMT+0800 (China Standard Time) easy-node-logger: Mon Oct 14 2019 15:57:48 GMT+0800 (China Standard Time) test info methodMon Oct 14 2019 15:57:48 GMT+0800 (China Standard Time) easy-node-logger: Mon Oct 14 2019 15:57:48 GMT+0800 (China Standard Time) test info methodMon Oct 14 2019 15:57:48 GMT+0800 (China Standard Time) easy-node-logger: Mon Oct 14 2019 15:57:48 GMT+0800 (China Standard Time) test info methodMon Oct 14 2019 15:57:48 GMT+0800 (China Standard Time) easy-node-logger: Mon Oct 14 2019 15:57:48 GMT+0800 (China Standard Time) test info methodMon Oct 14 2019 15:57:48 GMT+0800 (China Standard Time) easy-node-logger: Mon Oct 14 2019 15:57:48 GMT+0800 (China Standard Time) test info methodMon Oct 14 2019 15:57:48 GMT+0800 (China Standard Time) easy-node-logger: Mon Oct 14 2019 15:57:48 GMT+0800 (China Standard Time) test info methodMon Oct 14 2019 15:57:48 GMT+0800 (China Standard Time) easy-node-logger: Mon Oct 14 2019 15:57:48 GMT+0800 (China Standard Time) test info methodMon Oct 14 2019 15:57:48 GMT+0800 (China Standard Time) easy-node-logger: Mon Oct 14 2019 15:57:48 GMT+0800 (China Standard Time) test info methodMon Oct 14 2019 15:57:48 GMT+0800 (China Standard Time) easy-node-logger: Mon Oct 14 2019 15:57:48 GMT+0800 (China Standard Time) test info methodMon Oct 14 2019 15:57:48 GMT+0800 (China Standard Time) easy-node-logger: Mon Oct 14 2019 15:57:48 GMT+0800 (China Standard Time) test info methodMon Oct 14 2019 15:57:48 GMT+0800 (China Standard Time) easy-node-logger: Mon Oct 14 2019 15:57:48 GMT+0800 (China Standard Time) test info methodMon Oct 14 2019 15:57:48 GMT+0800 (China Standard Time) easy-node-logger: Mon Oct 14 2019 15:57:48 GMT+0800 (China Standard Time) test info methodMon Oct 14 2019 15:57:48 GMT+0800 (China Standard Time) easy-node-logger: Mon Oct 14 2019 15:57:48 GMT+0800 (China Standard Time) test info methodMon Oct 14 2019 15:57:48 GMT+0800 (China Standard Time) easy-node-logger: Mon Oct 14 2019 15:57:48 GMT+0800 (China Standard Time) test info methodMon Oct 14 2019 15:57:48 GMT+0800 (China Standard Time) easy-node-logger: Mon Oct 14 2019 15:57:48 GMT+0800 (China Standard Time) test info methodMon Oct 14 2019 15:57:48 GMT+0800 (China Standard Time) easy-node-logger: Mon Oct 14 2019 15:57:48 GMT+0800 (China Standard Time) test info methodMon Oct 14 2019 15:57:48 GMT+0800 (China Standard Time) easy-node-logger: Mon Oct 14 2019 15:57:48 GMT+0800 (China Standard Time) test info methodMon Oct 14 2019 15:57:48 GMT+0800 (China Standard Time) easy-node-logger: Mon Oct 14 2019 15:57:48 GMT+0800 (China Standard Time) test info methodMon Oct 14 2019 15:57:48 GMT+0800 (China Standard Time) easy-node-logger: Mon Oct 14 2019 15:57:48 GMT+0800 (China Standard Time) test info methodMon Oct 14 2019 15:57:48 GMT+0800 (China Standard Time) easy-node-logger: Mon Oct 14 2019 15:57:48 GMT+0800 (China Standard Time) test info methodMon Oct 14 2019 15:57:48 GMT+0800 (China Standard Time) easy-node-logger: Mon Oct 14 2019 15:57:48 GMT+0800 (China Standard Time) test info methodMon Oct 14 2019 15:57:48 GMT+0800 (China Standard Time) easy-node-logger: Mon Oct 14 2019 15:57:48 GMT+0800 (China Standard Time) test info methodMon Oct 14 2019 15:57:48 GMT+0800 (China Standard Time) easy-node-logger: Mon Oct 14 2019 15:57:48 GMT+0800 (China Standard Time) test info methodMon Oct 14 2019 15:57:48 GMT+0800 (China Standard Time) easy-node-logger: Mon Oct 14 2019 15:57:48 GMT+0800 (China Standard Time) test info methodMon Oct 14 2019 15:57:48 GMT+0800 (China Standard Time) easy-node-logger: Mon Oct 14 2019 15:57:48 GMT+0800 (China Standard Time) test info methodMon Oct 14 2019 15:57:48 GMT+0800 (China Standard Time) easy-node-logger: Mon Oct 14 2019 15:57:48 GMT+0800 (China Standard Time) test info methodMon Oct 14 2019 15:57:48 GMT+0800 (China Standard Time) easy-node-logger: Mon Oct 14 2019 15:57:48 GMT+0800 (China Standard Time) test info methodMon Oct 14 2019 15:57:48 GMT+0800 (China Standard Time) easy-node-logger: Mon Oct 14 2019 15:57:48 GMT+0800 (China Standard Time) test info methodMon Oct 14 2019 15:57:48 GMT+0800 (China Standard Time) easy-node-logger: Mon Oct 14 2019 15:57:48 GMT+0800 (China Standard Time) test info methodMon Oct 14 2019 15:57:48 GMT+0800 (China Standard Time) easy-node-logger: Mon Oct 14 2019 15:57:48 GMT+0800 (China Standard Time) test info methodMon Oct 14 2019 15:57:48 GMT+0800 (China Standard Time) easy-node-logger: Mon Oct 14 2019 15:57:48 GMT+0800 (China Standard Time) test info methodMon Oct 14 2019 15:57:48 GMT+0800 (China Standard Time) easy-node-logger: Mon Oct 14 2019 15:57:48 GMT+0800 (China Standard Time) test info methodMon Oct 14 2019 15:57:48 GMT+0800 (China Standard Time) easy-node-logger: Mon Oct 14 2019 15:57:48 GMT+0800 (China Standard Time) test info methodMon Oct 14 2019 15:57:48 GMT+0800 (China Standard Time) easy-node-logger: Mon Oct 14 2019 15:57:48 GMT+0800 (China Standard Time) test info methodMon Oct 14 2019 15:57:48 GMT+0800 (China Standard Time) easy-node-logger: Mon Oct 14 2019 15:57:48 GMT+0800 (China Standard Time) test info methodMon Oct 14 2019 15:57:48 GMT+0800 (China Standard Time) easy-node-logger: Mon Oct 14 2019 15:57:48 GMT+0800 (China Standard Time) test info methodMon Oct 14 2019 15:57:48 GMT+0800 (China Standard Time) easy-node-logger: Mon Oct 14 2019 15:57:48 GMT+0800 (China Standard Time) test info methodMon Oct 14 2019 15:57:48 GMT+0800 (China Standard Time) easy-node-logger: Mon Oct 14 2019 15:57:48 GMT+0800 (China Standard Time) test info methodMon Oct 14 2019 15:57:48 GMT+0800 (China Standard Time) easy-node-logger: Mon Oct 14 2019 15:57:48 GMT+0800 (China Standard Time) test info methodMon Oct 14 2019 15:57:48 GMT+0800 (China Standard Time) easy-node-logger: Mon Oct 14 2019 15:57:48 GMT+0800 (China Standard Time) test info methodMon Oct 14 2019 15:57:48 GMT+0800 (China Standard Time) easy-node-logger: Mon Oct 14 2019 15:57:48 GMT+0800 (China Standard Time) test info methodMon Oct 14 2019 15:57:48 GMT+0800 (China Standard Time) easy-node-logger: Mon Oct 14 2019 15:57:48 GMT+0800 (China Standard Time) test info methodMon Oct 14 2019 15:57:48 GMT+0800 (China Standard Time) easy-node-logger: Mon Oct 14 2019 15:57:48 GMT+0800 (China Standard Time) test info methodMon Oct 14 2019 15:57:48 GMT+0800 (China Standard Time) easy-node-logger: Mon Oct 14 2019 15:57:48 GMT+0800 (China Standard Time) test info methodMon Oct 14 2019 15:57:48 GMT+0800 (China Standard Time) easy-node-logger: Mon Oct 14 2019 15:57:48 GMT+0800 (China Standard Time) test info methodMon Oct 14 2019 15:57:48 GMT+0800 (China Standard Time) easy-node-logger: Mon Oct 14 2019 15:57:48 GMT+0800 (China Standard Time) test info methodMon Oct 14 2019 15:57:48 GMT+0800 (China Standard Time) easy-node-logger: Mon Oct 14 2019 15:57:48 GMT+0800 (China Standard Time) test info methodMon Oct 14 2019 15:57:48 GMT+0800 (China Standard Time) easy-node-logger: Mon Oct 14 2019 15:57:48 GMT+0800 (China Standard Time) test info methodMon Oct 14 2019 15:57:48 GMT+0800 (China Standard Time) easy-node-logger: Mon Oct 14 2019 15:57:48 GMT+0800 (China Standard Time) test info methodMon Oct 14 2019 15:57:48 GMT+0800 (China Standard Time) easy-node-logger: Mon Oct 14 2019 15:57:48 GMT+0800 (China Standard Time) test info methodMon Oct 14 2019 15:57:48 GMT+0800 (China Standard Time) easy-node-logger: Mon Oct 14 2019 15:57:48 GMT+0800 (China Standard Time) test info methodMon Oct 14 2019 15:57:48 GMT+0800 (China Standard Time) easy-node-logger: Mon Oct 14 2019 15:57:48 GMT+0800 (China Standard Time) test info methodMon Oct 14 2019 15:57:48 GMT+0800 (China Standard Time) easy-node-logger: Mon Oct 14 2019 15:57:48 GMT+0800 (China Standard Time) test info methodMon Oct 14 2019 15:57:48 GMT+0800 (China Standard Time) easy-node-logger: Mon Oct 14 2019 15:57:48 GMT+0800 (China Standard Time) test info methodMon Oct 14 2019 15:57:48 GMT+0800 (China Standard Time) easy-node-logger: Mon Oct 14 2019 15:57:48 GMT+0800 (China Standard Time) test info methodMon Oct 14 2019 15:57:48 GMT+0800 (China Standard Time) easy-node-logger: Mon Oct 14 2019 15:57:48 GMT+0800 (China Standard Time) test info methodMon Oct 14 2019 15:57:48 GMT+0800 (China Standard Time) easy-node-logger: Mon Oct 14 2019 15:57:48 GMT+0800 (China Standard Time) test info methodMon Oct 14 2019 15:57:48 GMT+0800 (China Standard Time) easy-node-logger: Mon Oct 14 2019 15:57:48 GMT+0800 (China Standard Time) test info methodMon Oct 14 2019 15:57:48 GMT+0800 (China Standard Time) easy-node-logger: Mon Oct 14 2019 15:57:48 GMT+0800 (China Standard Time) test info methodMon Oct 14 2019 15:57:48 GMT+0800 (China Standard Time) easy-node-logger: Mon Oct 14 2019 15:57:48 GMT+0800 (China Standard Time) test info methodMon Oct 14 2019 15:57:48 GMT+0800 (China Standard Time) easy-node-logger: Mon Oct 14 2019 15:57:48 GMT+0800 (China Standard Time) test info methodMon Oct 14 2019 15:57:48 GMT+0800 (China Standard Time) easy-node-logger: Mon Oct 14 2019 15:57:48 GMT+0800 (China Standard Time) test info methodMon Oct 14 2019 15:57:48 GMT+0800 (China Standard Time) easy-node-logger: Mon Oct 14 2019 15:57:48 GMT+0800 (China Standard Time) test info methodMon Oct 14 2019 15:57:48 GMT+0800 (China Standard Time) easy-node-logger: Mon Oct 14 2019 15:57:48 GMT+0800 (China Standard Time) test info methodMon Oct 14 2019 15:57:48 GMT+0800 (China Standard Time) easy-node-logger: Mon Oct 14 2019 15:57:48 GMT+0800 (China Standard Time) test info methodMon Oct 14 2019 15:57:48 GMT+0800 (China Standard Time) easy-node-logger: Mon Oct 14 2019 15:57:48 GMT+0800 (China Standard Time) test info methodMon Oct 14 2019 15:57:48 GMT+0800 (China Standard Time) easy-node-logger: Mon Oct 14 2019 15:57:48 GMT+0800 (China Standard Time) test info methodMon Oct 14 2019 15:57:48 GMT+0800 (China Standard Time) easy-node-logger: Mon Oct 14 2019 15:57:48 GMT+0800 (China Standard Time) test info methodMon Oct 14 2019 15:57:48 GMT+0800 (China Standard Time) easy-node-logger: Mon Oct 14 2019 15:57:48 GMT+0800 (China Standard Time) test info methodMon Oct 14 2019 15:57:48 GMT+0800 (China Standard Time) easy-node-logger: Mon Oct 14 2019 15:57:48 GMT+0800 (China Standard Time) test info methodMon Oct 14 2019 15:57:48 GMT+0800 (China Standard Time) easy-node-logger: Mon Oct 14 2019 15:57:48 GMT+0800 (China Standard Time) test info methodMon Oct 14 2019 15:57:48 GMT+0800 (China Standard Time) easy-node-logger: Mon Oct 14 2019 15:57:48 GMT+0800 (China Standard Time) test info methodMon Oct 14 2019 15:57:48 GMT+0800 (China Standard Time) easy-node-logger: Mon Oct 14 2019 15:57:48 GMT+0800 (China Standard Time) test info methodMon Oct 14 2019 15:57:48 GMT+0800 (China Standard Time) easy-node-logger: Mon Oct 14 2019 15:57:48 GMT+0800 (China Standard Time) test info methodMon Oct 14 2019 15:57:48 GMT+0800 (China Standard Time) easy-node-logger: Mon Oct 14 2019 15:57:48 GMT+0800 (China Standard Time) test info methodMon Oct 14 2019 15:57:48 GMT+0800 (China Standard Time) easy-node-logger: Mon Oct 14 2019 15:57:48 GMT+0800 (China Standard Time) test info methodMon Oct 14 2019 15:57:48 GMT+0800 (China Standard Time) easy-node-logger: Mon Oct 14 2019 15:57:48 GMT+0800 (China Standard Time) test info methodMon Oct 14 2019 15:57:48 GMT+0800 (China Standard Time) easy-node-logger: Mon Oct 14 2019 15:57:48 GMT+0800 (China Standard Time) test info methodMon Oct 14 2019 15:57:48 GMT+0800 (China Standard Time) easy-node-logger: Mon Oct 14 2019 15:57:48 GMT+0800 (China Standard Time) test info methodMon Oct 14 2019 15:57:48 GMT+0800 (China Standard Time) easy-node-logger: Mon Oct 14 2019 15:57:48 GMT+0800 (China Standard Time) test info methodMon Oct 14 2019 15:57:48 GMT+0800 (China Standard Time) easy-node-logger: Mon Oct 14 2019 15:57:48 GMT+0800 (China Standard Time) test info methodMon Oct 14 2019 15:57:48 GMT+0800 (China Standard Time) easy-node-logger: Mon Oct 14 2019 15:57:48 GMT+0800 (China Standard Time) test info methodMon Oct 14 2019 15:57:48 GMT+0800 (China Standard Time) easy-node-logger: Mon Oct 14 2019 15:57:48 GMT+0800 (China Standard Time) test info methodMon Oct 14 2019 15:57:48 GMT+0800 (China Standard Time) easy-node-logger: Mon Oct 14 2019 15:57:48 GMT+0800 (China Standard Time) test info methodMon Oct 14 2019 15:57:48 GMT+0800 (China Standard Time) easy-node-logger: Mon Oct 14 2019 15:57:48 GMT+0800 (China Standard Time) test info methodMon Oct 14 2019 15:57:48 GMT+0800 (China Standard Time) easy-node-logger: Mon Oct 14 2019 15:57:48 GMT+0800 (China Standard Time) test info methodMon Oct 14 2019 15:57:48 GMT+0800 (China Standard Time) easy-node-logger: Mon Oct 14 2019 15:57:48 GMT+0800 (China Standard Time) test info methodMon Oct 14 2019 15:57:48 GMT+0800 (China Standard Time) easy-node-logger: Mon Oct 14 2019 15:57:48 GMT+0800 (China Standard Time) test info methodMon Oct 14 2019 15:57:48 GMT+0800 (China Standard Time) easy-node-logger: Mon Oct 14 2019 15:57:48 GMT+0800 (China Standard Time) test info methodMon Oct 14 2019 15:57:48 GMT+0800 (China Standard Time) easy-node-logger: Mon Oct 14 2019 15:57:48 GMT+0800 (China Standard Time) test info methodMon Oct 14 2019 15:57:48 GMT+0800 (China Standard Time) easy-node-logger: Mon Oct 14 2019 15:57:48 GMT+0800 (China Standard Time) test info methodMon Oct 14 2019 15:57:48 GMT+0800 (China Standard Time) easy-node-logger: Mon Oct 14 2019 15:57:48 GMT+0800 (China Standard Time) test info methodMon Oct 14 2019 15:57:48 GMT+0800 (China Standard Time) easy-node-logger: Mon Oct 14 2019 15:57:48 GMT+0800 (China Standard Time) test info methodMon Oct 14 2019 15:57:48 GMT+0800 (China Standard Time) easy-node-logger: Mon Oct 14 2019 15:57:48 GMT+0800 (China Standard Time) test info methodMon Oct 14 2019 15:57:48 GMT+0800 (China Standard Time) easy-node-logger: Mon Oct 14 2019 15:57:48 GMT+0800 (China Standard Time) test info methodMon Oct 14 2019 15:57:48 GMT+0800 (China Standard Time) easy-node-logger: Mon Oct 14 2019 15:57:48 GMT+0800 (China Standard Time) test info methodMon Oct 14 2019 15:57:48 GMT+0800 (China Standard Time) easy-node-logger: Mon Oct 14 2019 15:57:48 GMT+0800 (China Standard Time) test info methodMon Oct 14 2019 15:57:48 GMT+0800 (China Standard Time) easy-node-logger: Mon Oct 14 2019 15:57:48 GMT+0800 (China Standard Time) test info methodMon Oct 14 2019 15:57:48 GMT+0800 (China Standard Time) easy-node-logger: Mon Oct 14 2019 15:57:48 GMT+0800 (China Standard Time) test info methodMon Oct 14 2019 15:57:48 GMT+0800 (China Standard Time) easy-node-logger: Mon Oct 14 2019 15:57:48 GMT+0800 (China Standard Time) test info methodMon Oct 14 2019 15:57:48 GMT+0800 (China Standard Time) easy-node-logger: Mon Oct 14 2019 15:57:48 GMT+0800 (China Standard Time) test info methodMon Oct 14 2019 15:57:48 GMT+0800 (China Standard Time) easy-node-logger: Mon Oct 14 2019 15:57:48 GMT+0800 (China Standard Time) test info methodMon Oct 14 2019 15:57:48 GMT+0800 (China Standard Time) easy-node-logger: Mon Oct 14 2019 15:57:48 GMT+0800 (China Standard Time) test info methodMon Oct 14 2019 15:57:48 GMT+0800 (China Standard Time) easy-node-logger: Mon Oct 14 2019 15:57:48 GMT+0800 (China Standard Time) test info methodMon Oct 14 2019 15:57:48 GMT+0800 (China Standard Time) easy-node-logger: Mon Oct 14 2019 15:57:48 GMT+0800 (China Standard Time) test info methodMon Oct 14 2019 15:57:48 GMT+0800 (China Standard Time) easy-node-logger: Mon Oct 14 2019 15:57:48 GMT+0800 (China Standard Time) test info methodMon Oct 14 2019 15:57:48 GMT+0800 (China Standard Time) easy-node-logger: Mon Oct 14 2019 15:57:48 GMT+0800 (China Standard Time) test info methodMon Oct 14 2019 15:57:48 GMT+0800 (China Standard Time) easy-node-logger: Mon Oct 14 2019 15:57:48 GMT+0800 (China Standard Time) test info methodMon Oct 14 2019 15:57:48 GMT+0800 (China Standard Time) easy-node-logger: Mon Oct 14 2019 15:57:48 GMT+0800 (China Standard Time) test info methodMon Oct 14 2019 15:57:48 GMT+0800 (China Standard Time) easy-node-logger: Mon Oct 14 2019 15:57:48 GMT+0800 (China Standard Time) test info methodMon Oct 14 2019 15:57:48 GMT+0800 (China Standard Time) easy-node-logger: Mon Oct 14 2019 15:57:48 GMT+0800 (China Standard Time) test info methodMon Oct 14 2019 15:57:48 GMT+0800 (China Standard Time) easy-node-logger: Mon Oct 14 2019 15:57:48 GMT+0800 (China Standard Time) test info methodMon Oct 14 2019 15:57:48 GMT+0800 (China Standard Time) easy-node-logger: Mon Oct 14 2019 15:57:48 GMT+0800 (China Standard Time) test info methodMon Oct 14 2019 15:57:48 GMT+0800 (China Standard Time) easy-node-logger: Mon Oct 14 2019 15:57:48 GMT+0800 (China Standard Time) test info methodMon Oct 14 2019 15:57:48 GMT+0800 (China Standard Time) easy-node-logger: Mon Oct 14 2019 15:57:48 GMT+0800 (China Standard Time) test info methodMon Oct 14 2019 15:57:48 GMT+0800 (China Standard Time) easy-node-logger: Mon Oct 14 2019 15:57:48 GMT+0800 (China Standard Time) test info methodMon Oct 14 2019 15:57:48 GMT+0800 (China Standard Time) easy-node-logger: Mon Oct 14 2019 15:57:48 GMT+0800 (China Standard Time) test info methodMon Oct 14 2019 15:57:48 GMT+0800 (China Standard Time) easy-node-logger: Mon Oct 14 2019 15:57:48 GMT+0800 (China Standard Time) test info methodMon Oct 14 2019 15:57:48 GMT+0800 (China Standard Time) easy-node-logger: Mon Oct 14 2019 15:57:48 GMT+0800 (China Standard Time) test info methodMon Oct 14 2019 15:57:48 GMT+0800 (China Standard Time) easy-node-logger: Mon Oct 14 2019 15:57:48 GMT+0800 (China Standard Time) test info methodMon Oct 14 2019 15:57:48 GMT+0800 (China Standard Time) easy-node-logger: Mon Oct 14 2019 15:57:48 GMT+0800 (China Standard Time) test info methodMon Oct 14 2019 15:57:48 GMT+0800 (China Standard Time) easy-node-logger: Mon Oct 14 2019 15:57:48 GMT+0800 (China Standard Time) test info methodMon Oct 14 2019 15:57:48 GMT+0800 (China Standard Time) easy-node-logger: Mon Oct 14 2019 15:57:48 GMT+0800 (China Standard Time) test info methodMon Oct 14 2019 15:57:48 GMT+0800 (China Standard Time) easy-node-logger: Mon Oct 14 2019 15:57:48 GMT+0800 (China Standard Time) test info methodMon Oct 14 2019 15:57:48 GMT+0800 (China Standard Time) easy-node-logger: Mon Oct 14 2019 15:57:48 GMT+0800 (China Standard Time) test info methodMon Oct 14 2019 15:57:48 GMT+0800 (China Standard Time) easy-node-logger: Mon Oct 14 2019 15:57:48 GMT+0800 (China Standard Time) test info methodMon Oct 14 2019 15:57:48 GMT+0800 (China Standard Time) easy-node-logger: Mon Oct 14 2019 15:57:48 GMT+0800 (China Standard Time) test info methodMon Oct 14 2019 15:57:48 GMT+0800 (China Standard Time) easy-node-logger: Mon Oct 14 2019 15:57:48 GMT+0800 (China Standard Time) test info methodMon Oct 14 2019 15:57:48 GMT+0800 (China Standard Time) easy-node-logger: Mon Oct 14 2019 15:57:48 GMT+0800 (China Standard Time) test info methodMon Oct 14 2019 15:57:48 GMT+0800 (China Standard Time) easy-node-logger: Mon Oct 14 2019 15:57:48 GMT+0800 (China Standard Time) test info methodMon Oct 14 2019 15:57:48 GMT+0800 (China Standard Time) easy-node-logger: Mon Oct 14 2019 15:57:48 GMT+0800 (China Standard Time) test info methodMon Oct 14 2019 15:57:48 GMT+0800 (China Standard Time) easy-node-logger: Mon Oct 14 2019 15:57:48 GMT+0800 (China Standard Time) test info methodMon Oct 14 2019 15:57:48 GMT+0800 (China Standard Time) easy-node-logger: Mon Oct 14 2019 15:57:48 GMT+0800 (China Standard Time) test info methodMon Oct 14 2019 15:57:48 GMT+0800 (China Standard Time) easy-node-logger: Mon Oct 14 2019 15:57:48 GMT+0800 (China Standard Time) test info methodMon Oct 14 2019 15:57:48 GMT+0800 (China Standard Time) easy-node-logger: Mon Oct 14 2019 15:57:48 GMT+0800 (China Standard Time) test info methodMon Oct 14 2019 15:57:48 GMT+0800 (China Standard Time) easy-node-logger: Mon Oct 14 2019 15:57:48 GMT+0800 (China Standard Time) test info methodMon Oct 14 2019 15:57:48 GMT+0800 (China Standard Time) easy-node-logger: Mon Oct 14 2019 15:57:48 GMT+0800 (China Standard Time) test info methodMon Oct 14 2019 15:57:48 GMT+0800 (China Standard Time) easy-node-logger: Mon Oct 14 2019 15:57:48 GMT+0800 (China Standard Time) test info methodMon Oct 14 2019 15:57:48 GMT+0800 (China Standard Time) easy-node-logger: Mon Oct 14 2019 15:57:48 GMT+0800 (China Standard Time) test info methodMon Oct 14 2019 15:57:48 GMT+0800 (China Standard Time) easy-node-logger: Mon Oct 14 2019 15:57:48 GMT+0800 (China Standard Time) test info methodMon Oct 14 2019 15:57:48 GMT+0800 (China Standard Time) easy-node-logger: Mon Oct 14 2019 15:57:48 GMT+0800 (China Standard Time) test info methodMon Oct 14 2019 15:57:48 GMT+0800 (China Standard Time) easy-node-logger: Mon Oct 14 2019 15:57:48 GMT+0800 (China Standard Time) test info methodMon Oct 14 2019 15:57:48 GMT+0800 (China Standard Time) easy-node-logger: Mon Oct 14 2019 15:57:48 GMT+0800 (China Standard Time) test info methodMon Oct 14 2019 15:57:48 GMT+0800 (China Standard Time) easy-node-logger: Mon Oct 14 2019 15:57:48 GMT+0800 (China Standard Time) test info methodMon Oct 14 2019 15:57:48 GMT+0800 (China Standard Time) easy-node-logger: Mon Oct 14 2019 15:57:48 GMT+0800 (China Standard Time) test info methodMon Oct 14 2019 15:57:48 GMT+0800 (China Standard Time) easy-node-logger: Mon Oct 14 2019 15:57:48 GMT+0800 (China Standard Time) test info methodMon Oct 14 2019 15:57:48 GMT+0800 (China Standard Time) easy-node-logger: Mon Oct 14 2019 15:57:48 GMT+0800 (China Standard Time) test info methodMon Oct 14 2019 15:57:48 GMT+0800 (China Standard Time) easy-node-logger: Mon Oct 14 2019 15:57:48 GMT+0800 (China Standard Time) test info methodMon Oct 14 2019 15:57:48 GMT+0800 (China Standard Time) easy-node-logger: Mon Oct 14 2019 15:57:48 GMT+0800 (China Standard Time) test info methodMon Oct 14 2019 15:57:48 GMT+0800 (China Standard Time) easy-node-logger: Mon Oct 14 2019 15:57:48 GMT+0800 (China Standard Time) test info methodMon Oct 14 2019 15:57:48 GMT+0800 (China Standard Time) easy-node-logger: Mon Oct 14 2019 15:57:48 GMT+0800 (China Standard Time) test info methodMon Oct 14 2019 15:57:48 GMT+0800 (China Standard Time) easy-node-logger: Mon Oct 14 2019 15:57:48 GMT+0800 (China Standard Time) test info methodMon Oct 14 2019 15:57:48 GMT+0800 (China Standard Time) easy-node-logger: Mon Oct 14 2019 15:57:48 GMT+0800 (China Standard Time) test info methodMon Oct 14 2019 15:57:48 GMT+0800 (China Standard Time) easy-node-logger: Mon Oct 14 2019 15:57:48 GMT+0800 (China Standard Time) test info methodMon Oct 14 2019 15:57:48 GMT+0800 (China Standard Time) easy-node-logger: Mon Oct 14 2019 15:57:48 GMT+0800 (China Standard Time) test info methodMon Oct 14 2019 15:57:48 GMT+0800 (China Standard Time) easy-node-logger: Mon Oct 14 2019 15:57:48 GMT+0800 (China Standard Time) test info methodMon Oct 14 2019 15:57:48 GMT+0800 (China Standard Time) easy-node-logger: Mon Oct 14 2019 15:57:48 GMT+0800 (China Standard Time) test info methodMon Oct 14 2019 15:57:48 GMT+0800 (China Standard Time) easy-node-logger: Mon Oct 14 2019 15:57:48 GMT+0800 (China Standard Time) test info methodMon Oct 14 2019 15:57:48 GMT+0800 (China Standard Time) easy-node-logger: Mon Oct 14 2019 15:57:48 GMT+0800 (China Standard Time) test info methodMon Oct 14 2019 15:57:48 GMT+0800 (China Standard Time) easy-node-logger: Mon Oct 14 2019 15:57:48 GMT+0800 (China Standard Time) test info methodMon Oct 14 2019 15:57:48 GMT+0800 (China Standard Time) easy-node-logger: Mon Oct 14 2019 15:57:48 GMT+0800 (China Standard Time) test info methodMon Oct 14 2019 15:57:48 GMT+0800 (China Standard Time) easy-node-logger: Mon Oct 14 2019 15:57:48 GMT+0800 (China Standard Time) test info methodMon Oct 14 2019 15:57:48 GMT+0800 (China Standard Time) easy-node-logger: Mon Oct 14 2019 15:57:48 GMT+0800 (China Standard Time) test info methodMon Oct 14 2019 15:57:48 GMT+0800 (China Standard Time) easy-node-logger: Mon Oct 14 2019 15:57:48 GMT+0800 (China Standard Time) test info methodMon Oct 14 2019 15:57:48 GMT+0800 (China Standard Time) easy-node-logger: Mon Oct 14 2019 15:57:48 GMT+0800 (China Standard Time) test info methodMon Oct 14 2019 15:57:48 GMT+0800 (China Standard Time) easy-node-logger: Mon Oct 14 2019 15:57:48 GMT+0800 (China Standard Time) test info methodMon Oct 14 2019 15:57:48 GMT+0800 (China Standard Time) easy-node-logger: Mon Oct 14 2019 15:57:48 GMT+0800 (China Standard Time) test info methodMon Oct 14 2019 15:57:48 GMT+0800 (China Standard Time) easy-node-logger: Mon Oct 14 2019 15:57:48 GMT+0800 (China Standard Time) test info methodMon Oct 14 2019 15:57:48 GMT+0800 (China Standard Time) easy-node-logger: Mon Oct 14 2019 15:57:48 GMT+0800 (China Standard Time) test info methodMon Oct 14 2019 15:57:48 GMT+0800 (China Standard Time) easy-node-logger: Mon Oct 14 2019 15:57:48 GMT+0800 (China Standard Time) test info methodMon Oct 14 2019 15:57:48 GMT+0800 (China Standard Time) easy-node-logger: Mon Oct 14 2019 15:57:48 GMT+0800 (China Standard Time) test info methodMon Oct 14 2019 15:57:48 GMT+0800 (China Standard Time) easy-node-logger: Mon Oct 14 2019 15:57:48 GMT+0800 (China Standard Time) test info methodMon Oct 14 2019 15:57:48 GMT+0800 (China Standard Time) easy-node-logger: Mon Oct 14 2019 15:57:48 GMT+0800 (China Standard Time) test info methodMon Oct 14 2019 15:57:48 GMT+0800 (China Standard Time) easy-node-logger: Mon Oct 14 2019 15:57:48 GMT+0800 (China Standard Time) test info methodMon Oct 14 2019 15:57:48 GMT+0800 (China Standard Time) easy-node-logger: Mon Oct 14 2019 15:57:48 GMT+0800 (China Standard Time) test info methodMon Oct 14 2019 15:57:48 GMT+0800 (China Standard Time) easy-node-logger: Mon Oct 14 2019 15:57:48 GMT+0800 (China Standard Time) test info methodMon Oct 14 2019 15:57:48 GMT+0800 (China Standard Time) easy-node-logger: Mon Oct 14 2019 15:57:48 GMT+0800 (China Standard Time) test info methodMon Oct 14 2019 15:57:48 GMT+0800 (China Standard Time) easy-node-logger: Mon Oct 14 2019 15:57:48 GMT+0800 (China Standard Time) test info methodMon Oct 14 2019 15:57:48 GMT+0800 (China Standard Time) easy-node-logger: Mon Oct 14 2019 15:57:48 GMT+0800 (China Standard Time) test info methodMon Oct 14 2019 15:57:48 GMT+0800 (China Standard Time) easy-node-logger: Mon Oct 14 2019 15:57:48 GMT+0800 (China Standard Time) test info methodMon Oct 14 2019 15:57:48 GMT+0800 (China Standard Time) easy-node-logger: Mon Oct 14 2019 15:57:48 GMT+0800 (China Standard Time) test info methodMon Oct 14 2019 15:57:48 GMT+0800 (China Standard Time) easy-node-logger: Mon Oct 14 2019 15:57:48 GMT+0800 (China Standard Time) test info methodMon Oct 14 2019 15:57:48 GMT+0800 (China Standard Time) easy-node-logger: Mon Oct 14 2019 15:57:48 GMT+0800 (China Standard Time) test info methodMon Oct 14 2019 15:57:48 GMT+0800 (China Standard Time) easy-node-logger: Mon Oct 14 2019 15:57:48 GMT+0800 (China Standard Time) test info methodMon Oct 14 2019 15:57:48 GMT+0800 (China Standard Time) easy-node-logger: Mon Oct 14 2019 15:57:48 GMT+0800 (China Standard Time) test info methodMon Oct 14 2019 15:57:48 GMT+0800 (China Standard Time) easy-node-logger: Mon Oct 14 2019 15:57:48 GMT+0800 (China Standard Time) test info methodMon Oct 14 2019 15:57:48 GMT+0800 (China Standard Time) easy-node-logger: Mon Oct 14 2019 15:57:48 GMT+0800 (China Standard Time) test info methodMon Oct 14 2019 15:57:48 GMT+0800 (China Standard Time) easy-node-logger: Mon Oct 14 2019 15:57:48 GMT+0800 (China Standard Time) test info methodMon Oct 14 2019 15:57:48 GMT+0800 (China Standard Time) easy-node-logger: Mon Oct 14 2019 15:57:48 GMT+0800 (China Standard Time) test info methodMon Oct 14 2019 15:57:48 GMT+0800 (China Standard Time) easy-node-logger: Mon Oct 14 2019 15:57:48 GMT+0800 (China Standard Time) test info methodMon Oct 14 2019 15:57:48 GMT+0800 (China Standard Time) easy-node-logger: Mon Oct 14 2019 15:57:48 GMT+0800 (China Standard Time) test info methodMon Oct 14 2019 15:57:48 GMT+0800 (China Standard Time) easy-node-logger: Mon Oct 14 2019 15:57:48 GMT+0800 (China Standard Time) test info methodMon Oct 14 2019 15:57:48 GMT+0800 (China Standard Time) easy-node-logger: Mon Oct 14 2019 15:57:48 GMT+0800 (China Standard Time) test info methodMon Oct 14 2019 15:57:48 GMT+0800 (China Standard Time) easy-node-logger: Mon Oct 14 2019 15:57:48 GMT+0800 (China Standard Time) test info methodMon Oct 14 2019 15:57:48 GMT+0800 (China Standard Time) easy-node-logger: Mon Oct 14 2019 15:57:48 GMT+0800 (China Standard Time) test info methodMon Oct 14 2019 15:57:48 GMT+0800 (China Standard Time) easy-node-logger: Mon Oct 14 2019 15:57:48 GMT+0800 (China Standard Time) test info methodMon Oct 14 2019 15:57:48 GMT+0800 (China Standard Time) easy-node-logger: Mon Oct 14 2019 15:57:48 GMT+0800 (China Standard Time) test info methodMon Oct 14 2019 15:57:48 GMT+0800 (China Standard Time) easy-node-logger: Mon Oct 14 2019 15:57:48 GMT+0800 (China Standard Time) test info methodMon Oct 14 2019 15:57:48 GMT+0800 (China Standard Time) easy-node-logger: Mon Oct 14 2019 15:57:48 GMT+0800 (China Standard Time) test info methodMon Oct 14 2019 15:57:48 GMT+0800 (China Standard Time) easy-node-logger: Mon Oct 14 2019 15:57:48 GMT+0800 (China Standard Time) test info methodMon Oct 14 2019 15:57:48 GMT+0800 (China Standard Time) easy-node-logger: Mon Oct 14 2019 15:57:48 GMT+0800 (China Standard Time) test info methodMon Oct 14 2019 15:57:48 GMT+0800 (China Standard Time) easy-node-logger: Mon Oct 14 2019 15:57:48 GMT+0800 (China Standard Time) test info methodMon Oct 14 2019 15:57:48 GMT+0800 (China Standard Time) easy-node-logger: Mon Oct 14 2019 15:57:48 GMT+0800 (China Standard Time) test info methodMon Oct 14 2019 15:57:48 GMT+0800 (China Standard Time) easy-node-logger: Mon Oct 14 2019 15:57:48 GMT+0800 (China Standard Time) test info methodMon Oct 14 2019 15:57:48 GMT+0800 (China Standard Time) easy-node-logger: Mon Oct 14 2019 15:57:48 GMT+0800 (China Standard Time) test info methodMon Oct 14 2019 15:57:48 GMT+0800 (China Standard Time) easy-node-logger: Mon Oct 14 2019 15:57:48 GMT+0800 (China Standard Time) test info methodMon Oct 14 2019 15:57:48 GMT+0800 (China Standard Time) easy-node-logger: Mon Oct 14 2019 15:57:48 GMT+0800 (China Standard Time) test info methodMon Oct 14 2019 15:57:48 GMT+0800 (China Standard Time) easy-node-logger: Mon Oct 14 2019 15:57:48 GMT+0800 (China Standard Time) test info methodMon Oct 14 2019 15:57:48 GMT+0800 (China Standard Time) easy-node-logger: Mon Oct 14 2019 15:57:48 GMT+0800 (China Standard Time) test info methodMon Oct 14 2019 15:57:48 GMT+0800 (China Standard Time) easy-node-logger: Mon Oct 14 2019 15:57:48 GMT+0800 (China Standard Time) test info methodMon Oct 14 2019 15:57:48 GMT+0800 (China Standard Time) easy-node-logger: Mon Oct 14 2019 15:57:48 GMT+0800 (China Standard Time) test info methodMon Oct 14 2019 15:57:48 GMT+0800 (China Standard Time) easy-node-logger: Mon Oct 14 2019 15:57:48 GMT+0800 (China Standard Time) test info methodMon Oct 14 2019 15:57:48 GMT+0800 (China Standard Time) easy-node-logger: Mon Oct 14 2019 15:57:48 GMT+0800 (China Standard Time) test info methodMon Oct 14 2019 15:57:48 GMT+0800 (China Standard Time) easy-node-logger: Mon Oct 14 2019 15:57:48 GMT+0800 (China Standard Time) test info methodMon Oct 14 2019 15:57:48 GMT+0800 (China Standard Time) easy-node-logger: Mon Oct 14 2019 15:57:48 GMT+0800 (China Standard Time) test info methodMon Oct 14 2019 15:57:48 GMT+0800 (China Standard Time) easy-node-logger: Mon Oct 14 2019 15:57:48 GMT+0800 (China Standard Time) test info methodMon Oct 14 2019 15:57:48 GMT+0800 (China Standard Time) easy-node-logger: Mon Oct 14 2019 15:57:48 GMT+0800 (China Standard Time) test info methodMon Oct 14 2019 15:57:48 GMT+0800 (China Standard Time) easy-node-logger: Mon Oct 14 2019 15:57:48 GMT+0800 (China Standard Time) test info methodMon Oct 14 2019 15:57:48 GMT+0800 (China Standard Time) easy-node-logger: Mon Oct 14 2019 15:57:48 GMT+0800 (China Standard Time) test info methodMon Oct 14 2019 15:57:48 GMT+0800 (China Standard Time) easy-node-logger: Mon Oct 14 2019 15:57:48 GMT+0800 (China Standard Time) test info methodMon Oct 14 2019 15:57:48 GMT+0800 (China Standard Time) easy-node-logger: Mon Oct 14 2019 15:57:48 GMT+0800 (China Standard Time) test info methodMon Oct 14 2019 15:57:48 GMT+0800 (China Standard Time) easy-node-logger: Mon Oct 14 2019 15:57:48 GMT+0800 (China Standard Time) test info methodMon Oct 14 2019 15:57:48 GMT+0800 (China Standard Time) easy-node-logger: Mon Oct 14 2019 15:57:48 GMT+0800 (China Standard Time) test info methodMon Oct 14 2019 15:57:48 GMT+0800 (China Standard Time) easy-node-logger: Mon Oct 14 2019 15:57:48 GMT+0800 (China Standard Time) test info methodMon Oct 14 2019 15:57:48 GMT+0800 (China Standard Time) easy-node-logger: Mon Oct 14 2019 15:57:48 GMT+0800 (China Standard Time) test info methodMon Oct 14 2019 15:57:48 GMT+0800 (China Standard Time) easy-node-logger: Mon Oct 14 2019 15:57:48 GMT+0800 (China Standard Time) test info methodMon Oct 14 2019 15:57:48 GMT+0800 (China Standard Time) easy-node-logger: Mon Oct 14 2019 15:57:48 GMT+0800 (China Standard Time) test info methodMon Oct 14 2019 15:57:48 GMT+0800 (China Standard Time) easy-node-logger: Mon Oct 14 2019 15:57:48 GMT+0800 (China Standard Time) test info methodMon Oct 14 2019 15:57:48 GMT+0800 (China Standard Time) easy-node-logger: Mon Oct 14 2019 15:57:48 GMT+0800 (China Standard Time) test info methodMon Oct 14 2019 15:57:48 GMT+0800 (China Standard Time) easy-node-logger: Mon Oct 14 2019 15:57:48 GMT+0800 (China Standard Time) test info methodMon Oct 14 2019 15:57:48 GMT+0800 (China Standard Time) easy-node-logger: Mon Oct 14 2019 15:57:48 GMT+0800 (China Standard Time) test info methodMon Oct 14 2019 15:57:48 GMT+0800 (China Standard Time) easy-node-logger: Mon Oct 14 2019 15:57:48 GMT+0800 (China Standard Time) test info methodMon Oct 14 2019 15:57:48 GMT+0800 (China Standard Time) easy-node-logger: Mon Oct 14 2019 15:57:48 GMT+0800 (China Standard Time) test info methodMon Oct 14 2019 15:57:48 GMT+0800 (China Standard Time) easy-node-logger: Mon Oct 14 2019 15:57:48 GMT+0800 (China Standard Time) test info methodMon Oct 14 2019 15:57:48 GMT+0800 (China Standard Time) easy-node-logger: Mon Oct 14 2019 15:57:48 GMT+0800 (China Standard Time) test info methodMon Oct 14 2019 15:57:48 GMT+0800 (China Standard Time) easy-node-logger: Mon Oct 14 2019 15:57:48 GMT+0800 (China Standard Time) test info methodMon Oct 14 2019 15:57:48 GMT+0800 (China Standard Time) easy-node-logger: Mon Oct 14 2019 15:57:48 GMT+0800 (China Standard Time) test info methodMon Oct 14 2019 15:57:48 GMT+0800 (China Standard Time) easy-node-logger: Mon Oct 14 2019 15:57:48 GMT+0800 (China Standard Time) test info methodMon Oct 14 2019 15:57:48 GMT+0800 (China Standard Time) easy-node-logger: Mon Oct 14 2019 15:57:48 GMT+0800 (China Standard Time) test info methodMon Oct 14 2019 15:57:48 GMT+0800 (China Standard Time) easy-node-logger: Mon Oct 14 2019 15:57:48 GMT+0800 (China Standard Time) test info methodMon Oct 14 2019 15:57:48 GMT+0800 (China Standard Time) easy-node-logger: Mon Oct 14 2019 15:57:48 GMT+0800 (China Standard Time) test info methodMon Oct 14 2019 15:57:48 GMT+0800 (China Standard Time) easy-node-logger: Mon Oct 14 2019 15:57:48 GMT+0800 (China Standard Time) test info methodMon Oct 14 2019 15:57:48 GMT+0800 (China Standard Time) easy-node-logger: Mon Oct 14 2019 15:57:48 GMT+0800 (China Standard Time) test info methodMon Oct 14 2019 15:57:48 GMT+0800 (China Standard Time) easy-node-logger: Mon Oct 14 2019 15:57:48 GMT+0800 (China Standard Time) test info methodMon Oct 14 2019 15:57:48 GMT+0800 (China Standard Time) easy-node-logger: Mon Oct 14 2019 15:57:48 GMT+0800 (China Standard Time) test info methodMon Oct 14 2019 15:57:48 GMT+0800 (China Standard Time) easy-node-logger: Mon Oct 14 2019 15:57:48 GMT+0800 (China Standard Time) test info methodMon Oct 14 2019 15:57:48 GMT+0800 (China Standard Time) easy-node-logger: Mon Oct 14 2019 15:57:48 GMT+0800 (China Standard Time) test info methodMon Oct 14 2019 15:57:48 GMT+0800 (China Standard Time) easy-node-logger: Mon Oct 14 2019 15:57:48 GMT+0800 (China Standard Time) test info methodMon Oct 14 2019 15:57:48 GMT+0800 (China Standard Time) easy-node-logger: Mon Oct 14 2019 15:57:48 GMT+0800 (China Standard Time) test info methodMon Oct 14 2019 15:57:48 GMT+0800 (China Standard Time) easy-node-logger: Mon Oct 14 2019 15:57:48 GMT+0800 (China Standard Time) test info methodMon Oct 14 2019 15:57:48 GMT+0800 (China Standard Time) easy-node-logger: Mon Oct 14 2019 15:57:48 GMT+0800 (China Standard Time) test info methodMon Oct 14 2019 15:57:48 GMT+0800 (China Standard Time) easy-node-logger: Mon Oct 14 2019 15:57:48 GMT+0800 (China Standard Time) test info methodMon Oct 14 2019 15:57:48 GMT+0800 (China Standard Time) easy-node-logger: Mon Oct 14 2019 15:57:48 GMT+0800 (China Standard Time) test info methodMon Oct 14 2019 15:57:48 GMT+0800 (China Standard Time) easy-node-logger: Mon Oct 14 2019 15:57:48 GMT+0800 (China Standard Time) test info methodMon Oct 14 2019 15:57:48 GMT+0800 (China Standard Time) easy-node-logger: Mon Oct 14 2019 15:57:48 GMT+0800 (China Standard Time) test info methodMon Oct 14 2019 15:57:48 GMT+0800 (China Standard Time) easy-node-logger: Mon Oct 14 2019 15:57:48 GMT+0800 (China Standard Time) test info methodMon Oct 14 2019 15:57:48 GMT+0800 (China Standard Time) easy-node-logger: Mon Oct 14 2019 15:57:48 GMT+0800 (China Standard Time) test info methodMon Oct 14 2019 15:57:48 GMT+0800 (China Standard Time) easy-node-logger: Mon Oct 14 2019 15:57:48 GMT+0800 (China Standard Time) test info methodMon Oct 14 2019 15:57:48 GMT+0800 (China Standard Time) easy-node-logger: Mon Oct 14 2019 15:57:48 GMT+0800 (China Standard Time) test info methodMon Oct 14 2019 15:57:48 GMT+0800 (China Standard Time) easy-node-logger: Mon Oct 14 2019 15:57:48 GMT+0800 (China Standard Time) test info methodMon Oct 14 2019 15:57:48 GMT+0800 (China Standard Time) easy-node-logger: Mon Oct 14 2019 15:57:48 GMT+0800 (China Standard Time) test info methodMon Oct 14 2019 15:57:48 GMT+0800 (China Standard Time) easy-node-logger: Mon Oct 14 2019 15:57:48 GMT+0800 (China Standard Time) test info methodMon Oct 14 2019 15:57:48 GMT+0800 (China Standard Time) easy-node-logger: Mon Oct 14 2019 15:57:48 GMT+0800 (China Standard Time) test info methodMon Oct 14 2019 15:57:48 GMT+0800 (China Standard Time) easy-node-logger: Mon Oct 14 2019 15:57:48 GMT+0800 (China Standard Time) test info methodMon Oct 14 2019 15:57:48 GMT+0800 (China Standard Time) easy-node-logger: Mon Oct 14 2019 15:57:48 GMT+0800 (China Standard Time) test info methodMon Oct 14 2019 15:57:48 GMT+0800 (China Standard Time) easy-node-logger: Mon Oct 14 2019 15:57:48 GMT+0800 (China Standard Time) test info methodMon Oct 14 2019 15:57:48 GMT+0800 (China Standard Time) easy-node-logger: Mon Oct 14 2019 15:57:48 GMT+0800 (China Standard Time) test info methodMon Oct 14 2019 15:57:48 GMT+0800 (China Standard Time) easy-node-logger: Mon Oct 14 2019 15:57:48 GMT+0800 (China Standard Time) test info methodMon Oct 14 2019 15:57:48 GMT+0800 (China Standard Time) easy-node-logger: Mon Oct 14 2019 15:57:48 GMT+0800 (China Standard Time) test info methodMon Oct 14 2019 15:57:48 GMT+0800 (China Standard Time) easy-node-logger: Mon Oct 14 2019 15:57:48 GMT+0800 (China Standard Time) test info methodMon Oct 14 2019 15:57:48 GMT+0800 (China Standard Time) easy-node-logger: Mon Oct 14 2019 15:57:48 GMT+0800 (China Standard Time) test info methodMon Oct 14 2019 15:57:48 GMT+0800 (China Standard Time) easy-node-logger: Mon Oct 14 2019 15:57:48 GMT+0800 (China Standard Time) test info methodMon Oct 14 2019 15:57:48 GMT+0800 (China Standard Time) easy-node-logger: Mon Oct 14 2019 15:57:48 GMT+0800 (China Standard Time) test info methodMon Oct 14 2019 15:57:48 GMT+0800 (China Standard Time) easy-node-logger: Mon Oct 14 2019 15:57:48 GMT+0800 (China Standard Time) test info methodMon Oct 14 2019 15:57:48 GMT+0800 (China Standard Time) easy-node-logger: Mon Oct 14 2019 15:57:48 GMT+0800 (China Standard Time) test info methodMon Oct 14 2019 15:57:48 GMT+0800 (China Standard Time) easy-node-logger: Mon Oct 14 2019 15:57:48 GMT+0800 (China Standard Time) test info methodMon Oct 14 2019 15:57:48 GMT+0800 (China Standard Time) easy-node-logger: Mon Oct 14 2019 15:57:48 GMT+0800 (China Standard Time) test info methodMon Oct 14 2019 15:57:48 GMT+0800 (China Standard Time) easy-node-logger: Mon Oct 14 2019 15:57:48 GMT+0800 (China Standard Time) test info methodMon Oct 14 2019 15:57:48 GMT+0800 (China Standard Time) easy-node-logger: Mon Oct 14 2019 15:57:48 GMT+0800 (China Standard Time) test info methodMon Oct 14 2019 15:57:48 GMT+0800 (China Standard Time) easy-node-logger: Mon Oct 14 2019 15:57:48 GMT+0800 (China Standard Time) test info methodMon Oct 14 2019 15:57:48 GMT+0800 (China Standard Time) easy-node-logger: Mon Oct 14 2019 15:57:48 GMT+0800 (China Standard Time) test info methodMon Oct 14 2019 15:57:48 GMT+0800 (China Standard Time) easy-node-logger: Mon Oct 14 2019 15:57:48 GMT+0800 (China Standard Time) test info methodMon Oct 14 2019 15:57:48 GMT+0800 (China Standard Time) easy-node-logger: Mon Oct 14 2019 15:57:48 GMT+0800 (China Standard Time) test info methodMon Oct 14 2019 15:57:48 GMT+0800 (China Standard Time) easy-node-logger: Mon Oct 14 2019 15:57:48 GMT+0800 (China Standard Time) test info methodMon Oct 14 2019 15:57:48 GMT+0800 (China Standard Time) easy-node-logger: Mon Oct 14 2019 15:57:48 GMT+0800 (China Standard Time) test info methodMon Oct 14 2019 15:57:48 GMT+0800 (China Standard Time) easy-node-logger: Mon Oct 14 2019 15:57:48 GMT+0800 (China Standard Time) test info methodMon Oct 14 2019 15:57:48 GMT+0800 (China Standard Time) easy-node-logger: Mon Oct 14 2019 15:57:48 GMT+0800 (China Standard Time) test info methodMon Oct 14 2019 15:57:48 GMT+0800 (China Standard Time) easy-node-logger: Mon Oct 14 2019 15:57:48 GMT+0800 (China Standard Time) test info methodMon Oct 14 2019 15:57:48 GMT+0800 (China Standard Time) easy-node-logger: Mon Oct 14 2019 15:57:48 GMT+0800 (China Standard Time) test info methodMon Oct 14 2019 15:57:48 GMT+0800 (China Standard Time) easy-node-logger: Mon Oct 14 2019 15:57:48 GMT+0800 (China Standard Time) test info methodMon Oct 14 2019 15:57:48 GMT+0800 (China Standard Time) easy-node-logger: Mon Oct 14 2019 15:57:48 GMT+0800 (China Standard Time) test info methodMon Oct 14 2019 15:57:48 GMT+0800 (China Standard Time) easy-node-logger: Mon Oct 14 2019 15:57:48 GMT+0800 (China Standard Time) test info methodMon Oct 14 2019 15:57:48 GMT+0800 (China Standard Time) easy-node-logger: Mon Oct 14 2019 15:57:48 GMT+0800 (China Standard Time) test info methodMon Oct 14 2019 15:57:48 GMT+0800 (China Standard Time) easy-node-logger: Mon Oct 14 2019 15:57:48 GMT+0800 (China Standard Time) test info methodMon Oct 14 2019 15:57:48 GMT+0800 (China Standard Time) easy-node-logger: Mon Oct 14 2019 15:57:48 GMT+0800 (China Standard Time) test info methodMon Oct 14 2019 15:57:48 GMT+0800 (China Standard Time) easy-node-logger: Mon Oct 14 2019 15:57:48 GMT+0800 (China Standard Time) test info methodMon Oct 14 2019 15:57:48 GMT+0800 (China Standard Time) easy-node-logger: Mon Oct 14 2019 15:57:48 GMT+0800 (China Standard Time) test info methodMon Oct 14 2019 15:57:48 GMT+0800 (China Standard Time) easy-node-logger: Mon Oct 14 2019 15:57:48 GMT+0800 (China Standard Time) test info methodMon Oct 14 2019 15:57:48 GMT+0800 (China Standard Time) easy-node-logger: Mon Oct 14 2019 15:57:48 GMT+0800 (China Standard Time) test info methodMon Oct 14 2019 15:57:48 GMT+0800 (China Standard Time) easy-node-logger: Mon Oct 14 2019 15:57:48 GMT+0800 (China Standard Time) test info methodMon Oct 14 2019 15:57:48 GMT+0800 (China Standard Time) easy-node-logger: Mon Oct 14 2019 15:57:48 GMT+0800 (China Standard Time) test info methodMon Oct 14 2019 15:57:48 GMT+0800 (China Standard Time) easy-node-logger: Mon Oct 14 2019 15:57:48 GMT+0800 (China Standard Time) test info methodMon Oct 14 2019 15:57:48 GMT+0800 (China Standard Time) easy-node-logger: Mon Oct 14 2019 15:57:48 GMT+0800 (China Standard Time) test info methodMon Oct 14 2019 15:57:48 GMT+0800 (China Standard Time) easy-node-logger: Mon Oct 14 2019 15:57:48 GMT+0800 (China Standard Time) test info methodMon Oct 14 2019 15:57:48 GMT+0800 (China Standard Time) easy-node-logger: Mon Oct 14 2019 15:57:48 GMT+0800 (China Standard Time) test info methodMon Oct 14 2019 15:57:48 GMT+0800 (China Standard Time) easy-node-logger: Mon Oct 14 2019 15:57:48 GMT+0800 (China Standard Time) test info methodMon Oct 14 2019 15:57:48 GMT+0800 (China Standard Time) easy-node-logger: Mon Oct 14 2019 15:57:48 GMT+0800 (China Standard Time) test info methodMon Oct 14 2019 15:57:48 GMT+0800 (China Standard Time) easy-node-logger: Mon Oct 14 2019 15:57:48 GMT+0800 (China Standard Time) test info methodMon Oct 14 2019 15:57:48 GMT+0800 (China Standard Time) easy-node-logger: Mon Oct 14 2019 15:57:48 GMT+0800 (China Standard Time) test info methodMon Oct 14 2019 15:57:48 GMT+0800 (China Standard Time) easy-node-logger: Mon Oct 14 2019 15:57:48 GMT+0800 (China Standard Time) test info methodMon Oct 14 2019 15:57:48 GMT+0800 (China Standard Time) easy-node-logger: Mon Oct 14 2019 15:57:48 GMT+0800 (China Standard Time) test info methodMon Oct 14 2019 15:57:48 GMT+0800 (China Standard Time) easy-node-logger: Mon Oct 14 2019 15:57:48 GMT+0800 (China Standard Time) test info methodMon Oct 14 2019 15:57:48 GMT+0800 (China Standard Time) easy-node-logger: Mon Oct 14 2019 15:57:48 GMT+0800 (China Standard Time) test info methodMon Oct 14 2019 15:57:48 GMT+0800 (China Standard Time) easy-node-logger: Mon Oct 14 2019 15:57:48 GMT+0800 (China Standard Time) test info methodMon Oct 14 2019 15:57:48 GMT+0800 (China Standard Time) easy-node-logger: Mon Oct 14 2019 15:57:48 GMT+0800 (China Standard Time) test info methodMon Oct 14 2019 15:57:48 GMT+0800 (China Standard Time) easy-node-logger: Mon Oct 14 2019 15:57:48 GMT+0800 (China Standard Time) test info methodMon Oct 14 2019 15:57:48 GMT+0800 (China Standard Time) easy-node-logger: Mon Oct 14 2019 15:57:48 GMT+0800 (China Standard Time) test info methodMon Oct 14 2019 15:57:48 GMT+0800 (China Standard Time) easy-node-logger: Mon Oct 14 2019 15:57:48 GMT+0800 (China Standard Time) test info methodMon Oct 14 2019 15:57:48 GMT+0800 (China Standard Time) easy-node-logger: Mon Oct 14 2019 15:57:48 GMT+0800 (China Standard Time) test info methodMon Oct 14 2019 15:57:48 GMT+0800 (China Standard Time) easy-node-logger: Mon Oct 14 2019 15:57:48 GMT+0800 (China Standard Time) test info methodMon Oct 14 2019 15:57:48 GMT+0800 (China Standard Time) easy-node-logger: Mon Oct 14 2019 15:57:48 GMT+0800 (China Standard Time) test info methodMon Oct 14 2019 15:57:48 GMT+0800 (China Standard Time) easy-node-logger: Mon Oct 14 2019 15:57:48 GMT+0800 (China Standard Time) test info methodMon Oct 14 2019 15:57:48 GMT+0800 (China Standard Time) easy-node-logger: Mon Oct 14 2019 15:57:48 GMT+0800 (China Standard Time) test info methodMon Oct 14 2019 15:57:48 GMT+0800 (China Standard Time) easy-node-logger: Mon Oct 14 2019 15:57:48 GMT+0800 (China Standard Time) test info methodMon Oct 14 2019 15:57:48 GMT+0800 (China Standard Time) easy-node-logger: Mon Oct 14 2019 15:57:48 GMT+0800 (China Standard Time) test info methodMon Oct 14 2019 15:57:48 GMT+0800 (China Standard Time) easy-node-logger: Mon Oct 14 2019 15:57:48 GMT+0800 (China Standard Time) test info methodMon Oct 14 2019 15:57:48 GMT+0800 (China Standard Time) easy-node-logger: Mon Oct 14 2019 15:57:48 GMT+0800 (China Standard Time) test info methodMon Oct 14 2019 15:57:48 GMT+0800 (China Standard Time) easy-node-logger: Mon Oct 14 2019 15:57:48 GMT+0800 (China Standard Time) test info methodMon Oct 14 2019 15:57:48 GMT+0800 (China Standard Time) easy-node-logger: Mon Oct 14 2019 15:57:48 GMT+0800 (China Standard Time) test info methodMon Oct 14 2019 15:57:48 GMT+0800 (China Standard Time) easy-node-logger: Mon Oct 14 2019 15:57:48 GMT+0800 (China Standard Time) test info methodMon Oct 14 2019 15:57:48 GMT+0800 (China Standard Time) easy-node-logger: Mon Oct 14 2019 15:57:48 GMT+0800 (China Standard Time) test info methodMon Oct 14 2019 15:57:48 GMT+0800 (China Standard Time) easy-node-logger: Mon Oct 14 2019 15:57:48 GMT+0800 (China Standard Time) test info methodMon Oct 14 2019 15:57:48 GMT+0800 (China Standard Time) easy-node-logger: Mon Oct 14 2019 15:57:48 GMT+0800 (China Standard Time) test info methodMon Oct 14 2019 15:57:48 GMT+0800 (China Standard Time) easy-node-logger: Mon Oct 14 2019 15:57:48 GMT+0800 (China Standard Time) test info methodMon Oct 14 2019 15:57:48 GMT+0800 (China Standard Time) easy-node-logger: Mon Oct 14 2019 15:57:48 GMT+0800 (China Standard Time) test info methodMon Oct 14 2019 15:57:48 GMT+0800 (China Standard Time) easy-node-logger: Mon Oct 14 2019 15:57:48 GMT+0800 (China Standard Time) test info methodMon Oct 14 2019 15:57:48 GMT+0800 (China Standard Time) easy-node-logger: Mon Oct 14 2019 15:57:48 GMT+0800 (China Standard Time) test info methodMon Oct 14 2019 15:57:48 GMT+0800 (China Standard Time) easy-node-logger: Mon Oct 14 2019 15:57:48 GMT+0800 (China Standard Time) test info methodMon Oct 14 2019 15:57:48 GMT+0800 (China Standard Time) easy-node-logger: Mon Oct 14 2019 15:57:48 GMT+0800 (China Standard Time) test info methodMon Oct 14 2019 15:57:48 GMT+0800 (China Standard Time) easy-node-logger: Mon Oct 14 2019 15:57:48 GMT+0800 (China Standard Time) test info methodMon Oct 14 2019 15:57:48 GMT+0800 (China Standard Time) easy-node-logger: Mon Oct 14 2019 15:57:48 GMT+0800 (China Standard Time) test info methodMon Oct 14 2019 15:57:48 GMT+0800 (China Standard Time) easy-node-logger: Mon Oct 14 2019 15:57:48 GMT+0800 (China Standard Time) test info methodMon Oct 14 2019 15:57:48 GMT+0800 (China Standard Time) easy-node-logger: Mon Oct 14 2019 15:57:48 GMT+0800 (China Standard Time) test info methodMon Oct 14 2019 15:57:48 GMT+0800 (China Standard Time) easy-node-logger: Mon Oct 14 2019 15:57:48 GMT+0800 (China Standard Time) test info methodMon Oct 14 2019 15:57:48 GMT+0800 (China Standard Time) easy-node-logger: Mon Oct 14 2019 15:57:48 GMT+0800 (China Standard Time) test info methodMon Oct 14 2019 15:57:48 GMT+0800 (China Standard Time) easy-node-logger: Mon Oct 14 2019 15:57:48 GMT+0800 (China Standard Time) test info methodMon Oct 14 2019 15:57:48 GMT+0800 (China Standard Time) easy-node-logger: Mon Oct 14 2019 15:57:48 GMT+0800 (China Standard Time) test info methodMon Oct 14 2019 15:57:48 GMT+0800 (China Standard Time) easy-node-logger: Mon Oct 14 2019 15:57:48 GMT+0800 (China Standard Time) test info methodMon Oct 14 2019 15:57:48 GMT+0800 (China Standard Time) easy-node-logger: Mon Oct 14 2019 15:57:48 GMT+0800 (China Standard Time) test info methodMon Oct 14 2019 15:57:48 GMT+0800 (China Standard Time) easy-node-logger: Mon Oct 14 2019 15:57:48 GMT+0800 (China Standard Time) test info methodMon Oct 14 2019 15:57:48 GMT+0800 (China Standard Time) easy-node-logger: Mon Oct 14 2019 15:57:48 GMT+0800 (China Standard Time) test info methodMon Oct 14 2019 15:57:48 GMT+0800 (China Standard Time) easy-node-logger: Mon Oct 14 2019 15:57:48 GMT+0800 (China Standard Time) test info methodMon Oct 14 2019 15:57:48 GMT+0800 (China Standard Time) easy-node-logger: Mon Oct 14 2019 15:57:48 GMT+0800 (China Standard Time) test info methodMon Oct 14 2019 15:57:48 GMT+0800 (China Standard Time) easy-node-logger: Mon Oct 14 2019 15:57:48 GMT+0800 (China Standard Time) test info methodMon Oct 14 2019 15:57:48 GMT+0800 (China Standard Time) easy-node-logger: Mon Oct 14 2019 15:57:48 GMT+0800 (China Standard Time) test info methodMon Oct 14 2019 15:57:48 GMT+0800 (China Standard Time) easy-node-logger: Mon Oct 14 2019 15:57:48 GMT+0800 (China Standard Time) test info methodMon Oct 14 2019 15:57:48 GMT+0800 (China Standard Time) easy-node-logger: Mon Oct 14 2019 15:57:48 GMT+0800 (China Standard Time) test info methodMon Oct 14 2019 15:57:48 GMT+0800 (China Standard Time) easy-node-logger: Mon Oct 14 2019 15:57:48 GMT+0800 (China Standard Time) test info methodMon Oct 14 2019 15:57:48 GMT+0800 (China Standard Time) easy-node-logger: Mon Oct 14 2019 15:57:48 GMT+0800 (China Standard Time) test info methodMon Oct 14 2019 15:57:48 GMT+0800 (China Standard Time) easy-node-logger: Mon Oct 14 2019 15:57:48 GMT+0800 (China Standard Time) test info methodMon Oct 14 2019 15:57:48 GMT+0800 (China Standard Time) easy-node-logger: Mon Oct 14 2019 15:57:48 GMT+0800 (China Standard Time) test info methodMon Oct 14 2019 15:57:48 GMT+0800 (China Standard Time) easy-node-logger: Mon Oct 14 2019 15:57:48 GMT+0800 (China Standard Time) test info methodMon Oct 14 2019 15:57:48 GMT+0800 (China Standard Time) easy-node-logger: Mon Oct 14 2019 15:57:48 GMT+0800 (China Standard Time) test info methodMon Oct 14 2019 15:57:48 GMT+0800 (China Standard Time) easy-node-logger: Mon Oct 14 2019 15:57:48 GMT+0800 (China Standard Time) test info methodMon Oct 14 2019 15:57:48 GMT+0800 (China Standard Time) easy-node-logger: Mon Oct 14 2019 15:57:48 GMT+0800 (China Standard Time) test info methodMon Oct 14 2019 15:57:48 GMT+0800 (China Standard Time) easy-node-logger: Mon Oct 14 2019 15:57:48 GMT+0800 (China Standard Time) test info methodMon Oct 14 2019 15:57:48 GMT+0800 (China Standard Time) easy-node-logger: Mon Oct 14 2019 15:57:48 GMT+0800 (China Standard Time) test info methodMon Oct 14 2019 15:57:48 GMT+0800 (China Standard Time) easy-node-logger: Mon Oct 14 2019 15:57:48 GMT+0800 (China Standard Time) test info methodMon Oct 14 2019 15:57:48 GMT+0800 (China Standard Time) easy-node-logger: Mon Oct 14 2019 15:57:48 GMT+0800 (China Standard Time) test info methodMon Oct 14 2019 15:57:48 GMT+0800 (China Standard Time) easy-node-logger: Mon Oct 14 2019 15:57:48 GMT+0800 (China Standard Time) test info methodMon Oct 14 2019 15:57:48 GMT+0800 (China Standard Time) easy-node-logger: Mon Oct 14 2019 15:57:48 GMT+0800 (China Standard Time) test info methodMon Oct 14 2019 15:57:48 GMT+0800 (China Standard Time) easy-node-logger: Mon Oct 14 2019 15:57:48 GMT+0800 (China Standard Time) test info methodMon Oct 14 2019 15:57:48 GMT+0800 (China Standard Time) easy-node-logger: Mon Oct 14 2019 15:57:48 GMT+0800 (China Standard Time) test info methodMon Oct 14 2019 15:57:48 GMT+0800 (China Standard Time) easy-node-logger: Mon Oct 14 2019 15:57:48 GMT+0800 (China Standard Time) test info methodMon Oct 14 2019 15:57:48 GMT+0800 (China Standard Time) easy-node-logger: Mon Oct 14 2019 15:57:48 GMT+0800 (China Standard Time) test info methodMon Oct 14 2019 15:57:48 GMT+0800 (China Standard Time) easy-node-logger: Mon Oct 14 2019 15:57:48 GMT+0800 (China Standard Time) test info methodMon Oct 14 2019 15:57:48 GMT+0800 (China Standard Time) easy-node-logger: Mon Oct 14 2019 15:57:48 GMT+0800 (China Standard Time) test info methodMon Oct 14 2019 15:57:48 GMT+0800 (China Standard Time) easy-node-logger: Mon Oct 14 2019 15:57:48 GMT+0800 (China Standard Time) test info methodMon Oct 14 2019 15:57:48 GMT+0800 (China Standard Time) easy-node-logger: Mon Oct 14 2019 15:57:48 GMT+0800 (China Standard Time) test info methodMon Oct 14 2019 15:57:48 GMT+0800 (China Standard Time) easy-node-logger: Mon Oct 14 2019 15:57:48 GMT+0800 (China Standard Time) test info methodMon Oct 14 2019 15:57:48 GMT+0800 (China Standard Time) easy-node-logger: Mon Oct 14 2019 15:57:48 GMT+0800 (China Standard Time) test info methodMon Oct 14 2019 15:57:48 GMT+0800 (China Standard Time) easy-node-logger: Mon Oct 14 2019 15:57:48 GMT+0800 (China Standard Time) test info methodMon Oct 14 2019 15:57:48 GMT+0800 (China Standard Time) easy-node-logger: Mon Oct 14 2019 15:57:48 GMT+0800 (China Standard Time) test info methodMon Oct 14 2019 15:57:48 GMT+0800 (China Standard Time) easy-node-logger: Mon Oct 14 2019 15:57:48 GMT+0800 (China Standard Time) test info methodMon Oct 14 2019 15:57:48 GMT+0800 (China Standard Time) easy-node-logger: Mon Oct 14 2019 15:57:48 GMT+0800 (China Standard Time) test info methodMon Oct 14 2019 15:57:48 GMT+0800 (China Standard Time) easy-node-logger: Mon Oct 14 2019 15:57:48 GMT+0800 (China Standard Time) test info methodMon Oct 14 2019 15:57:48 GMT+0800 (China Standard Time) easy-node-logger: Mon Oct 14 2019 15:57:48 GMT+0800 (China Standard Time) test info methodMon Oct 14 2019 15:57:48 GMT+0800 (China Standard Time) easy-node-logger: Mon Oct 14 2019 15:57:48 GMT+0800 (China Standard Time) test info methodMon Oct 14 2019 15:57:48 GMT+0800 (China Standard Time) easy-node-logger: Mon Oct 14 2019 15:57:48 GMT+0800 (China Standard Time) test info methodMon Oct 14 2019 15:57:48 GMT+0800 (China Standard Time) easy-node-logger: Mon Oct 14 2019 15:57:48 GMT+0800 (China Standard Time) test info methodMon Oct 14 2019 15:57:48 GMT+0800 (China Standard Time) easy-node-logger: Mon Oct 14 2019 15:57:48 GMT+0800 (China Standard Time) test info methodMon Oct 14 2019 15:57:48 GMT+0800 (China Standard Time) easy-node-logger: Mon Oct 14 2019 15:57:48 GMT+0800 (China Standard Time) test info methodMon Oct 14 2019 15:57:48 GMT+0800 (China Standard Time) easy-node-logger: Mon Oct 14 2019 15:57:48 GMT+0800 (China Standard Time) test info methodMon Oct 14 2019 15:57:48 GMT+0800 (China Standard Time) easy-node-logger: Mon Oct 14 2019 15:57:48 GMT+0800 (China Standard Time) test info methodMon Oct 14 2019 15:57:48 GMT+0800 (China Standard Time) easy-node-logger: Mon Oct 14 2019 15:57:48 GMT+0800 (China Standard Time) test info methodMon Oct 14 2019 15:57:48 GMT+0800 (China Standard Time) easy-node-logger: Mon Oct 14 2019 15:57:48 GMT+0800 (China Standard Time) test info methodMon Oct 14 2019 15:57:48 GMT+0800 (China Standard Time) easy-node-logger: Mon Oct 14 2019 15:57:48 GMT+0800 (China Standard Time) test info methodMon Oct 14 2019 15:57:48 GMT+0800 (China Standard Time) easy-node-logger: Mon Oct 14 2019 15:57:48 GMT+0800 (China Standard Time) test info methodMon Oct 14 2019 15:57:48 GMT+0800 (China Standard Time) easy-node-logger: Mon Oct 14 2019 15:57:48 GMT+0800 (China Standard Time) test info methodMon Oct 14 2019 15:57:48 GMT+0800 (China Standard Time) easy-node-logger: Mon Oct 14 2019 15:57:48 GMT+0800 (China Standard Time) test info methodMon Oct 14 2019 15:57:48 GMT+0800 (China Standard Time) easy-node-logger: Mon Oct 14 2019 15:57:48 GMT+0800 (China Standard Time) test info methodMon Oct 14 2019 15:57:48 GMT+0800 (China Standard Time) easy-node-logger: Mon Oct 14 2019 15:57:48 GMT+0800 (China Standard Time) test info methodMon Oct 14 2019 15:57:48 GMT+0800 (China Standard Time) easy-node-logger: Mon Oct 14 2019 15:57:48 GMT+0800 (China Standard Time) test info methodMon Oct 14 2019 15:57:48 GMT+0800 (China Standard Time) easy-node-logger: Mon Oct 14 2019 15:57:48 GMT+0800 (China Standard Time) test info methodMon Oct 14 2019 15:57:48 GMT+0800 (China Standard Time) easy-node-logger: Mon Oct 14 2019 15:57:48 GMT+0800 (China Standard Time) test info methodMon Oct 14 2019 15:57:48 GMT+0800 (China Standard Time) easy-node-logger: Mon Oct 14 2019 15:57:48 GMT+0800 (China Standard Time) test info methodMon Oct 14 2019 15:57:48 GMT+0800 (China Standard Time) easy-node-logger: Mon Oct 14 2019 15:57:48 GMT+0800 (China Standard Time) test info methodMon Oct 14 2019 15:57:48 GMT+0800 (China Standard Time) easy-node-logger: Mon Oct 14 2019 15:57:48 GMT+0800 (China Standard Time) test info methodMon Oct 14 2019 15:57:48 GMT+0800 (China Standard Time) easy-node-logger: Mon Oct 14 2019 15:57:48 GMT+0800 (China Standard Time) test info methodMon Oct 14 2019 15:57:48 GMT+0800 (China Standard Time) easy-node-logger: Mon Oct 14 2019 15:57:48 GMT+0800 (China Standard Time) test info methodMon Oct 14 2019 15:57:48 GMT+0800 (China Standard Time) easy-node-logger: Mon Oct 14 2019 15:57:48 GMT+0800 (China Standard Time) test info methodMon Oct 14 2019 15:57:48 GMT+0800 (China Standard Time) easy-node-logger: Mon Oct 14 2019 15:57:48 GMT+0800 (China Standard Time) test info methodMon Oct 14 2019 15:57:48 GMT+0800 (China Standard Time) easy-node-logger: Mon Oct 14 2019 15:57:48 GMT+0800 (China Standard Time) test info methodMon Oct 14 2019 15:57:48 GMT+0800 (China Standard Time) easy-node-logger: Mon Oct 14 2019 15:57:48 GMT+0800 (China Standard Time) test info methodMon Oct 14 2019 15:57:48 GMT+0800 (China Standard Time) easy-node-logger: Mon Oct 14 2019 15:57:48 GMT+0800 (China Standard Time) test info methodMon Oct 14 2019 15:57:48 GMT+0800 (China Standard Time) easy-node-logger: Mon Oct 14 2019 15:57:48 GMT+0800 (China Standard Time) test info methodMon Oct 14 2019 15:57:48 GMT+0800 (China Standard Time) easy-node-logger: Mon Oct 14 2019 15:57:48 GMT+0800 (China Standard Time) test info methodMon Oct 14 2019 15:57:48 GMT+0800 (China Standard Time) easy-node-logger: Mon Oct 14 2019 15:57:48 GMT+0800 (China Standard Time) test info methodMon Oct 14 2019 15:57:48 GMT+0800 (China Standard Time) easy-node-logger: Mon Oct 14 2019 15:57:48 GMT+0800 (China Standard Time) test info methodMon Oct 14 2019 15:57:48 GMT+0800 (China Standard Time) easy-node-logger: Mon Oct 14 2019 15:57:48 GMT+0800 (China Standard Time) test info methodMon Oct 14 2019 15:57:48 GMT+0800 (China Standard Time) easy-node-logger: Mon Oct 14 2019 15:57:48 GMT+0800 (China Standard Time) test info methodMon Oct 14 2019 15:57:48 GMT+0800 (China Standard Time) easy-node-logger: Mon Oct 14 2019 15:57:48 GMT+0800 (China Standard Time) test info methodMon Oct 14 2019 15:57:48 GMT+0800 (China Standard Time) easy-node-logger: Mon Oct 14 2019 15:57:48 GMT+0800 (China Standard Time) test info methodMon Oct 14 2019 15:57:48 GMT+0800 (China Standard Time) easy-node-logger: Mon Oct 14 2019 15:57:48 GMT+0800 (China Standard Time) test info methodMon Oct 14 2019 15:57:48 GMT+0800 (China Standard Time) easy-node-logger: Mon Oct 14 2019 15:57:48 GMT+0800 (China Standard Time) test info methodMon Oct 14 2019 15:57:48 GMT+0800 (China Standard Time) easy-node-logger: Mon Oct 14 2019 15:57:48 GMT+0800 (China Standard Time) test info methodMon Oct 14 2019 15:57:48 GMT+0800 (China Standard Time) easy-node-logger: Mon Oct 14 2019 15:57:48 GMT+0800 (China Standard Time) test info methodMon Oct 14 2019 15:57:48 GMT+0800 (China Standard Time) easy-node-logger: Mon Oct 14 2019 15:57:48 GMT+0800 (China Standard Time) test info methodMon Oct 14 2019 15:57:48 GMT+0800 (China Standard Time) easy-node-logger: Mon Oct 14 2019 15:57:48 GMT+0800 (China Standard Time) test info methodMon Oct 14 2019 15:57:48 GMT+0800 (China Standard Time) easy-node-logger: Mon Oct 14 2019 15:57:48 GMT+0800 (China Standard Time) test info methodMon Oct 14 2019 15:57:48 GMT+0800 (China Standard Time) easy-node-logger: Mon Oct 14 2019 15:57:48 GMT+0800 (China Standard Time) test info methodMon Oct 14 2019 15:57:48 GMT+0800 (China Standard Time) easy-node-logger: Mon Oct 14 2019 15:57:48 GMT+0800 (China Standard Time) test info methodMon Oct 14 2019 15:57:48 GMT+0800 (China Standard Time) easy-node-logger: Mon Oct 14 2019 15:57:48 GMT+0800 (China Standard Time) test info methodMon Oct 14 2019 15:57:48 GMT+0800 (China Standard Time) easy-node-logger: Mon Oct 14 2019 15:57:48 GMT+0800 (China Standard Time) test info methodMon Oct 14 2019 15:57:48 GMT+0800 (China Standard Time) easy-node-logger: Mon Oct 14 2019 15:57:48 GMT+0800 (China Standard Time) test info methodMon Oct 14 2019 15:57:48 GMT+0800 (China Standard Time) easy-node-logger: Mon Oct 14 2019 15:57:48 GMT+0800 (China Standard Time) test info methodMon Oct 14 2019 15:57:48 GMT+0800 (China Standard Time) easy-node-logger: Mon Oct 14 2019 15:57:48 GMT+0800 (China Standard Time) test info methodMon Oct 14 2019 15:57:48 GMT+0800 (China Standard Time) easy-node-logger: Mon Oct 14 2019 15:57:48 GMT+0800 (China Standard Time) test info methodMon Oct 14 2019 15:57:48 GMT+0800 (China Standard Time) easy-node-logger: Mon Oct 14 2019 15:57:48 GMT+0800 (China Standard Time) test info methodMon Oct 14 2019 15:57:48 GMT+0800 (China Standard Time) easy-node-logger: Mon Oct 14 2019 15:57:48 GMT+0800 (China Standard Time) test info methodMon Oct 14 2019 15:57:48 GMT+0800 (China Standard Time) easy-node-logger: Mon Oct 14 2019 15:57:48 GMT+0800 (China Standard Time) test info methodMon Oct 14 2019 15:57:48 GMT+0800 (China Standard Time) easy-node-logger: Mon Oct 14 2019 15:57:48 GMT+0800 (China Standard Time) test info methodMon Oct 14 2019 15:57:48 GMT+0800 (China Standard Time) easy-node-logger: Mon Oct 14 2019 15:57:48 GMT+0800 (China Standard Time) test info methodMon Oct 14 2019 15:57:48 GMT+0800 (China Standard Time) easy-node-logger: Mon Oct 14 2019 15:57:48 GMT+0800 (China Standard Time) test info methodMon Oct 14 2019 15:57:48 GMT+0800 (China Standard Time) easy-node-logger: Mon Oct 14 2019 15:57:48 GMT+0800 (China Standard Time) test info methodMon Oct 14 2019 15:57:48 GMT+0800 (China Standard Time) easy-node-logger: Mon Oct 14 2019 15:57:48 GMT+0800 (China Standard Time) test info methodMon Oct 14 2019 15:57:48 GMT+0800 (China Standard Time) easy-node-logger: Mon Oct 14 2019 15:57:48 GMT+0800 (China Standard Time) test info methodMon Oct 14 2019 15:57:48 GMT+0800 (China Standard Time) easy-node-logger: Mon Oct 14 2019 15:57:48 GMT+0800 (China Standard Time) test info methodMon Oct 14 2019 15:57:48 GMT+0800 (China Standard Time) easy-node-logger: Mon Oct 14 2019 15:57:48 GMT+0800 (China Standard Time) test info methodMon Oct 14 2019 15:57:48 GMT+0800 (China Standard Time) easy-node-logger: Mon Oct 14 2019 15:57:48 GMT+0800 (China Standard Time) test info methodMon Oct 14 2019 15:57:48 GMT+0800 (China Standard Time) easy-node-logger: Mon Oct 14 2019 15:57:48 GMT+0800 (China Standard Time) test info methodMon Oct 14 2019 15:57:48 GMT+0800 (China Standard Time) easy-node-logger: Mon Oct 14 2019 15:57:48 GMT+0800 (China Standard Time) test info methodMon Oct 14 2019 15:57:48 GMT+0800 (China Standard Time) easy-node-logger: Mon Oct 14 2019 15:57:48 GMT+0800 (China Standard Time) test info methodMon Oct 14 2019 15:57:48 GMT+0800 (China Standard Time) easy-node-logger: Mon Oct 14 2019 15:57:48 GMT+0800 (China Standard Time) test info methodMon Oct 14 2019 15:57:48 GMT+0800 (China Standard Time) easy-node-logger: Mon Oct 14 2019 15:57:48 GMT+0800 (China Standard Time) test info methodMon Oct 14 2019 15:57:48 GMT+0800 (China Standard Time) easy-node-logger: Mon Oct 14 2019 15:57:48 GMT+0800 (China Standard Time) test info methodMon Oct 14 2019 15:57:48 GMT+0800 (China Standard Time) easy-node-logger: Mon Oct 14 2019 15:57:48 GMT+0800 (China Standard Time) test info methodMon Oct 14 2019 15:57:48 GMT+0800 (China Standard Time) easy-node-logger: Mon Oct 14 2019 15:57:48 GMT+0800 (China Standard Time) test info methodMon Oct 14 2019 15:57:48 GMT+0800 (China Standard Time) easy-node-logger: Mon Oct 14 2019 15:57:48 GMT+0800 (China Standard Time) test info methodMon Oct 14 2019 15:57:48 GMT+0800 (China Standard Time) easy-node-logger: Mon Oct 14 2019 15:57:48 GMT+0800 (China Standard Time) test info methodMon Oct 14 2019 15:57:48 GMT+0800 (China Standard Time) easy-node-logger: Mon Oct 14 2019 15:57:48 GMT+0800 (China Standard Time) test info methodMon Oct 14 2019 15:57:48 GMT+0800 (China Standard Time) easy-node-logger: Mon Oct 14 2019 15:57:48 GMT+0800 (China Standard Time) test info methodMon Oct 14 2019 15:57:48 GMT+0800 (China Standard Time) easy-node-logger: Mon Oct 14 2019 15:57:48 GMT+0800 (China Standard Time) test info methodMon Oct 14 2019 15:57:48 GMT+0800 (China Standard Time) easy-node-logger: Mon Oct 14 2019 15:57:48 GMT+0800 (China Standard Time) test info methodMon Oct 14 2019 15:57:48 GMT+0800 (China Standard Time) easy-node-logger: Mon Oct 14 2019 15:57:48 GMT+0800 (China Standard Time) test info methodMon Oct 14 2019 15:57:48 GMT+0800 (China Standard Time) easy-node-logger: Mon Oct 14 2019 15:57:48 GMT+0800 (China Standard Time) test info methodMon Oct 14 2019 15:57:48 GMT+0800 (China Standard Time) easy-node-logger: Mon Oct 14 2019 15:57:48 GMT+0800 (China Standard Time) test info methodMon Oct 14 2019 15:57:48 GMT+0800 (China Standard Time) easy-node-logger: Mon Oct 14 2019 15:57:48 GMT+0800 (China Standard Time) test info methodMon Oct 14 2019 15:57:48 GMT+0800 (China Standard Time) easy-node-logger: Mon Oct 14 2019 15:57:48 GMT+0800 (China Standard Time) test info methodMon Oct 14 2019 15:57:48 GMT+0800 (China Standard Time) easy-node-logger: Mon Oct 14 2019 15:57:48 GMT+0800 (China Standard Time) test info methodMon Oct 14 2019 15:57:48 GMT+0800 (China Standard Time) easy-node-logger: Mon Oct 14 2019 15:57:48 GMT+0800 (China Standard Time) test info methodMon Oct 14 2019 15:57:48 GMT+0800 (China Standard Time) easy-node-logger: Mon Oct 14 2019 15:57:48 GMT+0800 (China Standard Time) test info methodMon Oct 14 2019 15:57:48 GMT+0800 (China Standard Time) easy-node-logger: Mon Oct 14 2019 15:57:48 GMT+0800 (China Standard Time) test info methodMon Oct 14 2019 15:57:48 GMT+0800 (China Standard Time) easy-node-logger: Mon Oct 14 2019 15:57:48 GMT+0800 (China Standard Time) test info methodMon Oct 14 2019 15:57:48 GMT+0800 (China Standard Time) easy-node-logger: Mon Oct 14 2019 15:57:48 GMT+0800 (China Standard Time) test info methodMon Oct 14 2019 15:57:48 GMT+0800 (China Standard Time) easy-node-logger: Mon Oct 14 2019 15:57:48 GMT+0800 (China Standard Time) test info methodMon Oct 14 2019 15:57:48 GMT+0800 (China Standard Time) easy-node-logger: Mon Oct 14 2019 15:57:48 GMT+0800 (China Standard Time) test info methodMon Oct 14 2019 15:57:48 GMT+0800 (China Standard Time) easy-node-logger: Mon Oct 14 2019 15:57:48 GMT+0800 (China Standard Time) test info methodMon Oct 14 2019 15:57:48 GMT+0800 (China Standard Time) easy-node-logger: Mon Oct 14 2019 15:57:48 GMT+0800 (China Standard Time) test info methodMon Oct 14 2019 15:57:48 GMT+0800 (China Standard Time) easy-node-logger: Mon Oct 14 2019 15:57:48 GMT+0800 (China Standard Time) test info methodMon Oct 14 2019 15:57:48 GMT+0800 (China Standard Time) easy-node-logger: Mon Oct 14 2019 15:57:48 GMT+0800 (China Standard Time) test info methodMon Oct 14 2019 15:57:48 GMT+0800 (China Standard Time) easy-node-logger: Mon Oct 14 2019 15:57:48 GMT+0800 (China Standard Time) test info methodMon Oct 14 2019 15:57:48 GMT+0800 (China Standard Time) easy-node-logger: Mon Oct 14 2019 15:57:48 GMT+0800 (China Standard Time) test info methodMon Oct 14 2019 15:57:48 GMT+0800 (China Standard Time) easy-node-logger: Mon Oct 14 2019 15:57:48 GMT+0800 (China Standard Time) test info methodMon Oct 14 2019 15:57:48 GMT+0800 (China Standard Time) easy-node-logger: Mon Oct 14 2019 15:57:48 GMT+0800 (China Standard Time) test info methodMon Oct 14 2019 15:57:48 GMT+0800 (China Standard Time) easy-node-logger: Mon Oct 14 2019 15:57:48 GMT+0800 (China Standard Time) test info methodMon Oct 14 2019 15:57:48 GMT+0800 (China Standard Time) easy-node-logger: Mon Oct 14 2019 15:57:48 GMT+0800 (China Standard Time) test info methodMon Oct 14 2019 15:57:48 GMT+0800 (China Standard Time) easy-node-logger: Mon Oct 14 2019 15:57:48 GMT+0800 (China Standard Time) test info methodMon Oct 14 2019 15:57:48 GMT+0800 (China Standard Time) easy-node-logger: Mon Oct 14 2019 15:57:48 GMT+0800 (China Standard Time) test info methodMon Oct 14 2019 15:57:48 GMT+0800 (China Standard Time) easy-node-logger: Mon Oct 14 2019 15:57:48 GMT+0800 (China Standard Time) test info methodMon Oct 14 2019 15:57:48 GMT+0800 (China Standard Time) easy-node-logger: Mon Oct 14 2019 15:57:48 GMT+0800 (China Standard Time) test info methodMon Oct 14 2019 15:57:48 GMT+0800 (China Standard Time) easy-node-logger: Mon Oct 14 2019 15:57:48 GMT+0800 (China Standard Time) test info methodMon Oct 14 2019 15:57:48 GMT+0800 (China Standard Time) easy-node-logger: Mon Oct 14 2019 15:57:48 GMT+0800 (China Standard Time) test info methodMon Oct 14 2019 15:57:48 GMT+0800 (China Standard Time) easy-node-logger: Mon Oct 14 2019 15:57:48 GMT+0800 (China Standard Time) test info methodMon Oct 14 2019 15:57:48 GMT+0800 (China Standard Time) easy-node-logger: Mon Oct 14 2019 15:57:48 GMT+0800 (China Standard Time) test info methodMon Oct 14 2019 15:57:48 GMT+0800 (China Standard Time) easy-node-logger: Mon Oct 14 2019 15:57:48 GMT+0800 (China Standard Time) test info methodMon Oct 14 2019 15:57:48 GMT+0800 (China Standard Time) easy-node-logger: Mon Oct 14 2019 15:57:48 GMT+0800 (China Standard Time) test info methodMon Oct 14 2019 15:57:48 GMT+0800 (China Standard Time) easy-node-logger: Mon Oct 14 2019 15:57:48 GMT+0800 (China Standard Time) test info methodMon Oct 14 2019 15:57:48 GMT+0800 (China Standard Time) easy-node-logger: Mon Oct 14 2019 15:57:48 GMT+0800 (China Standard Time) test info methodMon Oct 14 2019 15:57:48 GMT+0800 (China Standard Time) easy-node-logger: Mon Oct 14 2019 15:57:48 GMT+0800 (China Standard Time) test info methodMon Oct 14 2019 15:57:48 GMT+0800 (China Standard Time) easy-node-logger: Mon Oct 14 2019 15:57:48 GMT+0800 (China Standard Time) test info methodMon Oct 14 2019 15:57:48 GMT+0800 (China Standard Time) easy-node-logger: Mon Oct 14 2019 15:57:48 GMT+0800 (China Standard Time) test info methodMon Oct 14 2019 15:57:48 GMT+0800 (China Standard Time) easy-node-logger: Mon Oct 14 2019 15:57:48 GMT+0800 (China Standard Time) test info methodMon Oct 14 2019 15:57:48 GMT+0800 (China Standard Time) easy-node-logger: Mon Oct 14 2019 15:57:48 GMT+0800 (China Standard Time) test info methodMon Oct 14 2019 15:57:48 GMT+0800 (China Standard Time) easy-node-logger: Mon Oct 14 2019 15:57:48 GMT+0800 (China Standard Time) test info methodMon Oct 14 2019 15:57:48 GMT+0800 (China Standard Time) easy-node-logger: Mon Oct 14 2019 15:57:48 GMT+0800 (China Standard Time) test info methodMon Oct 14 2019 15:57:48 GMT+0800 (China Standard Time) easy-node-logger: Mon Oct 14 2019 15:57:48 GMT+0800 (China Standard Time) test info methodMon Oct 14 2019 15:57:48 GMT+0800 (China Standard Time) easy-node-logger: Mon Oct 14 2019 15:57:48 GMT+0800 (China Standard Time) test info methodMon Oct 14 2019 15:57:48 GMT+0800 (China Standard Time) easy-node-logger: Mon Oct 14 2019 15:57:48 GMT+0800 (China Standard Time) test info methodMon Oct 14 2019 15:57:48 GMT+0800 (China Standard Time) easy-node-logger: Mon Oct 14 2019 15:57:48 GMT+0800 (China Standard Time) test info methodMon Oct 14 2019 15:57:48 GMT+0800 (China Standard Time) easy-node-logger: Mon Oct 14 2019 15:57:48 GMT+0800 (China Standard Time) test info methodMon Oct 14 2019 15:57:48 GMT+0800 (China Standard Time) easy-node-logger: Mon Oct 14 2019 15:57:48 GMT+0800 (China Standard Time) test info methodMon Oct 14 2019 15:57:48 GMT+0800 (China Standard Time) easy-node-logger: Mon Oct 14 2019 15:57:48 GMT+0800 (China Standard Time) test info methodMon Oct 14 2019 15:57:48 GMT+0800 (China Standard Time) easy-node-logger: Mon Oct 14 2019 15:57:48 GMT+0800 (China Standard Time) test info methodMon Oct 14 2019 15:57:48 GMT+0800 (China Standard Time) easy-node-logger: Mon Oct 14 2019 15:57:48 GMT+0800 (China Standard Time) test info methodMon Oct 14 2019 15:57:48 GMT+0800 (China Standard Time) easy-node-logger: Mon Oct 14 2019 15:57:48 GMT+0800 (China Standard Time) test info methodMon Oct 14 2019 15:57:48 GMT+0800 (China Standard Time) easy-node-logger: Mon Oct 14 2019 15:57:48 GMT+0800 (China Standard Time) test info methodMon Oct 14 2019 15:57:48 GMT+0800 (China Standard Time) easy-node-logger: Mon Oct 14 2019 15:57:48 GMT+0800 (China Standard Time) test info methodMon Oct 14 2019 15:57:48 GMT+0800 (China Standard Time) easy-node-logger: Mon Oct 14 2019 15:57:48 GMT+0800 (China Standard Time) test info methodMon Oct 14 2019 15:57:48 GMT+0800 (China Standard Time) easy-node-logger: Mon Oct 14 2019 15:57:48 GMT+0800 (China Standard Time) test info methodMon Oct 14 2019 15:57:48 GMT+0800 (China Standard Time) easy-node-logger: Mon Oct 14 2019 15:57:48 GMT+0800 (China Standard Time) test info methodMon Oct 14 2019 15:57:48 GMT+0800 (China Standard Time) easy-node-logger: Mon Oct 14 2019 15:57:48 GMT+0800 (China Standard Time) test info methodMon Oct 14 2019 15:57:48 GMT+0800 (China Standard Time) easy-node-logger: Mon Oct 14 2019 15:57:48 GMT+0800 (China Standard Time) test info methodMon Oct 14 2019 15:57:48 GMT+0800 (China Standard Time) easy-node-logger: Mon Oct 14 2019 15:57:48 GMT+0800 (China Standard Time) test info methodMon Oct 14 2019 15:57:48 GMT+0800 (China Standard Time) easy-node-logger: Mon Oct 14 2019 15:57:48 GMT+0800 (China Standard Time) test info methodMon Oct 14 2019 15:57:48 GMT+0800 (China Standard Time) easy-node-logger: Mon Oct 14 2019 15:57:48 GMT+0800 (China Standard Time) test info methodMon Oct 14 2019 15:57:48 GMT+0800 (China Standard Time) easy-node-logger: Mon Oct 14 2019 15:57:48 GMT+0800 (China Standard Time) test info methodMon Oct 14 2019 15:57:48 GMT+0800 (China Standard Time) easy-node-logger: Mon Oct 14 2019 15:57:48 GMT+0800 (China Standard Time) test info methodMon Oct 14 2019 15:57:48 GMT+0800 (China Standard Time) easy-node-logger: Mon Oct 14 2019 15:57:48 GMT+0800 (China Standard Time) test info methodMon Oct 14 2019 15:57:48 GMT+0800 (China Standard Time) easy-node-logger: Mon Oct 14 2019 15:57:48 GMT+0800 (China Standard Time) test info methodMon Oct 14 2019 15:57:48 GMT+0800 (China Standard Time) easy-node-logger: Mon Oct 14 2019 15:57:48 GMT+0800 (China Standard Time) test info methodMon Oct 14 2019 15:57:48 GMT+0800 (China Standard Time) easy-node-logger: Mon Oct 14 2019 15:57:48 GMT+0800 (China Standard Time) test info methodMon Oct 14 2019 15:57:48 GMT+0800 (China Standard Time) easy-node-logger: Mon Oct 14 2019 15:57:48 GMT+0800 (China Standard Time) test info methodMon Oct 14 2019 15:57:48 GMT+0800 (China Standard Time) easy-node-logger: Mon Oct 14 2019 15:57:48 GMT+0800 (China Standard Time) test info methodMon Oct 14 2019 15:57:48 GMT+0800 (China Standard Time) easy-node-logger: Mon Oct 14 2019 15:57:48 GMT+0800 (China Standard Time) test info methodMon Oct 14 2019 15:57:48 GMT+0800 (China Standard Time) easy-node-logger: Mon Oct 14 2019 15:57:48 GMT+0800 (China Standard Time) test info methodMon Oct 14 2019 15:57:48 GMT+0800 (China Standard Time) easy-node-logger: Mon Oct 14 2019 15:57:48 GMT+0800 (China Standard Time) test info methodMon Oct 14 2019 15:57:48 GMT+0800 (China Standard Time) easy-node-logger: Mon Oct 14 2019 15:57:48 GMT+0800 (China Standard Time) test info methodMon Oct 14 2019 15:57:48 GMT+0800 (China Standard Time) easy-node-logger: Mon Oct 14 2019 15:57:48 GMT+0800 (China Standard Time) test info methodMon Oct 14 2019 15:57:48 GMT+0800 (China Standard Time) easy-node-logger: Mon Oct 14 2019 15:57:48 GMT+0800 (China Standard Time) test info methodMon Oct 14 2019 15:57:48 GMT+0800 (China Standard Time) easy-node-logger: Mon Oct 14 2019 15:57:48 GMT+0800 (China Standard Time) test info methodMon Oct 14 2019 15:57:48 GMT+0800 (China Standard Time) easy-node-logger: Mon Oct 14 2019 15:57:48 GMT+0800 (China Standard Time) test info methodMon Oct 14 2019 15:57:48 GMT+0800 (China Standard Time) easy-node-logger: Mon Oct 14 2019 15:57:48 GMT+0800 (China Standard Time) test info methodMon Oct 14 2019 15:57:48 GMT+0800 (China Standard Time) easy-node-logger: Mon Oct 14 2019 15:57:48 GMT+0800 (China Standard Time) test info methodMon Oct 14 2019 15:57:48 GMT+0800 (China Standard Time) easy-node-logger: Mon Oct 14 2019 15:57:48 GMT+0800 (China Standard Time) test info methodMon Oct 14 2019 15:57:48 GMT+0800 (China Standard Time) easy-node-logger: Mon Oct 14 2019 15:57:48 GMT+0800 (China Standard Time) test info methodMon Oct 14 2019 15:57:48 GMT+0800 (China Standard Time) easy-node-logger: Mon Oct 14 2019 15:57:48 GMT+0800 (China Standard Time) test info methodMon Oct 14 2019 15:57:48 GMT+0800 (China Standard Time) easy-node-logger: Mon Oct 14 2019 15:57:48 GMT+0800 (China Standard Time) test info methodMon Oct 14 2019 15:57:48 GMT+0800 (China Standard Time) easy-node-logger: Mon Oct 14 2019 15:57:48 GMT+0800 (China Standard Time) test info methodMon Oct 14 2019 15:57:48 GMT+0800 (China Standard Time) easy-node-logger: Mon Oct 14 2019 15:57:48 GMT+0800 (China Standard Time) test info methodMon Oct 14 2019 15:57:48 GMT+0800 (China Standard Time) easy-node-logger: Mon Oct 14 2019 15:57:48 GMT+0800 (China Standard Time) test info methodMon Oct 14 2019 15:57:48 GMT+0800 (China Standard Time) easy-node-logger: Mon Oct 14 2019 15:57:48 GMT+0800 (China Standard Time) test info methodMon Oct 14 2019 15:57:48 GMT+0800 (China Standard Time) easy-node-logger: Mon Oct 14 2019 15:57:48 GMT+0800 (China Standard Time) test info methodMon Oct 14 2019 15:57:48 GMT+0800 (China Standard Time) easy-node-logger: Mon Oct 14 2019 15:57:48 GMT+0800 (China Standard Time) test info methodMon Oct 14 2019 15:57:48 GMT+0800 (China Standard Time) easy-node-logger: Mon Oct 14 2019 15:57:48 GMT+0800 (China Standard Time) test info methodMon Oct 14 2019 15:57:48 GMT+0800 (China Standard Time) easy-node-logger: Mon Oct 14 2019 15:57:48 GMT+0800 (China Standard Time) test info methodMon Oct 14 2019 15:57:48 GMT+0800 (China Standard Time) easy-node-logger: Mon Oct 14 2019 15:57:48 GMT+0800 (China Standard Time) test info methodMon Oct 14 2019 15:57:48 GMT+0800 (China Standard Time) easy-node-logger: Mon Oct 14 2019 15:57:48 GMT+0800 (China Standard Time) test info methodMon Oct 14 2019 15:57:48 GMT+0800 (China Standard Time) easy-node-logger: Mon Oct 14 2019 15:57:48 GMT+0800 (China Standard Time) test info methodMon Oct 14 2019 15:57:48 GMT+0800 (China Standard Time) easy-node-logger: Mon Oct 14 2019 15:57:48 GMT+0800 (China Standard Time) test info methodMon Oct 14 2019 15:57:48 GMT+0800 (China Standard Time) easy-node-logger: Mon Oct 14 2019 15:57:48 GMT+0800 (China Standard Time) test info methodMon Oct 14 2019 15:57:48 GMT+0800 (China Standard Time) easy-node-logger: Mon Oct 14 2019 15:57:48 GMT+0800 (China Standard Time) test info methodMon Oct 14 2019 15:57:48 GMT+0800 (China Standard Time) easy-node-logger: Mon Oct 14 2019 15:57:48 GMT+0800 (China Standard Time) test info methodMon Oct 14 2019 15:57:48 GMT+0800 (China Standard Time) easy-node-logger: Mon Oct 14 2019 15:57:48 GMT+0800 (China Standard Time) test info methodMon Oct 14 2019 15:57:48 GMT+0800 (China Standard Time) easy-node-logger: Mon Oct 14 2019 15:57:48 GMT+0800 (China Standard Time) test info methodMon Oct 14 2019 15:57:48 GMT+0800 (China Standard Time) easy-node-logger: Mon Oct 14 2019 15:57:48 GMT+0800 (China Standard Time) test info methodMon Oct 14 2019 15:57:48 GMT+0800 (China Standard Time) easy-node-logger: Mon Oct 14 2019 15:57:48 GMT+0800 (China Standard Time) test info methodMon Oct 14 2019 15:57:48 GMT+0800 (China Standard Time) easy-node-logger: Mon Oct 14 2019 15:57:48 GMT+0800 (China Standard Time) test info methodMon Oct 14 2019 15:57:48 GMT+0800 (China Standard Time) easy-node-logger: Mon Oct 14 2019 15:57:48 GMT+0800 (China Standard Time) test info methodMon Oct 14 2019 15:57:48 GMT+0800 (China Standard Time) easy-node-logger: Mon Oct 14 2019 15:57:48 GMT+0800 (China Standard Time) test info methodMon Oct 14 2019 15:57:48 GMT+0800 (China Standard Time) easy-node-logger: Mon Oct 14 2019 15:57:48 GMT+0800 (China Standard Time) test info methodMon Oct 14 2019 15:57:48 GMT+0800 (China Standard Time) easy-node-logger: Mon Oct 14 2019 15:57:48 GMT+0800 (China Standard Time) test info methodMon Oct 14 2019 15:57:48 GMT+0800 (China Standard Time) easy-node-logger: Mon Oct 14 2019 15:57:48 GMT+0800 (China Standard Time) test info methodMon Oct 14 2019 15:57:48 GMT+0800 (China Standard Time) easy-node-logger: Mon Oct 14 2019 15:57:48 GMT+0800 (China Standard Time) test info methodMon Oct 14 2019 15:57:48 GMT+0800 (China Standard Time) easy-node-logger: Mon Oct 14 2019 15:57:48 GMT+0800 (China Standard Time) test info methodMon Oct 14 2019 15:57:48 GMT+0800 (China Standard Time) easy-node-logger: Mon Oct 14 2019 15:57:48 GMT+0800 (China Standard Time) test info methodMon Oct 14 2019 15:57:48 GMT+0800 (China Standard Time) easy-node-logger: Mon Oct 14 2019 15:57:48 GMT+0800 (China Standard Time) test info methodMon Oct 14 2019 15:57:48 GMT+0800 (China Standard Time) easy-node-logger: Mon Oct 14 2019 15:57:48 GMT+0800 (China Standard Time) test info methodMon Oct 14 2019 15:57:48 GMT+0800 (China Standard Time) easy-node-logger: Mon Oct 14 2019 15:57:48 GMT+0800 (China Standard Time) test info methodMon Oct 14 2019 15:57:48 GMT+0800 (China Standard Time) easy-node-logger: Mon Oct 14 2019 15:57:48 GMT+0800 (China Standard Time) test info methodMon Oct 14 2019 15:57:48 GMT+0800 (China Standard Time) easy-node-logger: Mon Oct 14 2019 15:57:48 GMT+0800 (China Standard Time) test info methodMon Oct 14 2019 15:57:48 GMT+0800 (China Standard Time) easy-node-logger: Mon Oct 14 2019 15:57:48 GMT+0800 (China Standard Time) test info methodMon Oct 14 2019 15:57:48 GMT+0800 (China Standard Time) easy-node-logger: Mon Oct 14 2019 15:57:48 GMT+0800 (China Standard Time) test info methodMon Oct 14 2019 15:57:48 GMT+0800 (China Standard Time) easy-node-logger: Mon Oct 14 2019 15:57:48 GMT+0800 (China Standard Time) test info methodMon Oct 14 2019 15:57:48 GMT+0800 (China Standard Time) easy-node-logger: Mon Oct 14 2019 15:57:48 GMT+0800 (China Standard Time) test info methodMon Oct 14 2019 15:57:48 GMT+0800 (China Standard Time) easy-node-logger: Mon Oct 14 2019 15:57:48 GMT+0800 (China Standard Time) test info methodMon Oct 14 2019 15:57:48 GMT+0800 (China Standard Time) easy-node-logger: Mon Oct 14 2019 15:57:48 GMT+0800 (China Standard Time) test info methodMon Oct 14 2019 15:57:48 GMT+0800 (China Standard Time) easy-node-logger: Mon Oct 14 2019 15:57:48 GMT+0800 (China Standard Time) test info methodMon Oct 14 2019 15:57:48 GMT+0800 (China Standard Time) easy-node-logger: Mon Oct 14 2019 15:57:48 GMT+0800 (China Standard Time) test info methodMon Oct 14 2019 15:57:48 GMT+0800 (China Standard Time) easy-node-logger: Mon Oct 14 2019 15:57:48 GMT+0800 (China Standard Time) test info methodMon Oct 14 2019 15:57:48 GMT+0800 (China Standard Time) easy-node-logger: Mon Oct 14 2019 15:57:48 GMT+0800 (China Standard Time) test info methodMon Oct 14 2019 15:57:48 GMT+0800 (China Standard Time) easy-node-logger: Mon Oct 14 2019 15:57:48 GMT+0800 (China Standard Time) test info methodMon Oct 14 2019 15:57:48 GMT+0800 (China Standard Time) easy-node-logger: Mon Oct 14 2019 15:57:48 GMT+0800 (China Standard Time) test info methodMon Oct 14 2019 15:57:48 GMT+0800 (China Standard Time) easy-node-logger: Mon Oct 14 2019 15:57:48 GMT+0800 (China Standard Time) test info methodMon Oct 14 2019 15:57:48 GMT+0800 (China Standard Time) easy-node-logger: Mon Oct 14 2019 15:57:48 GMT+0800 (China Standard Time) test info methodMon Oct 14 2019 15:57:48 GMT+0800 (China Standard Time) easy-node-logger: Mon Oct 14 2019 15:57:48 GMT+0800 (China Standard Time) test info methodMon Oct 14 2019 15:57:48 GMT+0800 (China Standard Time) easy-node-logger: Mon Oct 14 2019 15:57:48 GMT+0800 (China Standard Time) test info methodMon Oct 14 2019 15:57:48 GMT+0800 (China Standard Time) easy-node-logger: Mon Oct 14 2019 15:57:48 GMT+0800 (China Standard Time) test info methodMon Oct 14 2019 15:57:48 GMT+0800 (China Standard Time) easy-node-logger: Mon Oct 14 2019 15:57:48 GMT+0800 (China Standard Time) test info methodMon Oct 14 2019 15:57:48 GMT+0800 (China Standard Time) easy-node-logger: Mon Oct 14 2019 15:57:48 GMT+0800 (China Standard Time) test info methodMon Oct 14 2019 15:57:48 GMT+0800 (China Standard Time) easy-node-logger: Mon Oct 14 2019 15:57:48 GMT+0800 (China Standard Time) test info methodMon Oct 14 2019 15:57:48 GMT+0800 (China Standard Time) easy-node-logger: Mon Oct 14 2019 15:57:48 GMT+0800 (China Standard Time) test info methodMon Oct 14 2019 15:57:48 GMT+0800 (China Standard Time) easy-node-logger: Mon Oct 14 2019 15:57:48 GMT+0800 (China Standard Time) test info methodMon Oct 14 2019 15:57:48 GMT+0800 (China Standard Time) easy-node-logger: Mon Oct 14 2019 15:57:48 GMT+0800 (China Standard Time) test info methodMon Oct 14 2019 15:57:48 GMT+0800 (China Standard Time) easy-node-logger: Mon Oct 14 2019 15:57:48 GMT+0800 (China Standard Time) test info methodMon Oct 14 2019 15:57:48 GMT+0800 (China Standard Time) easy-node-logger: Mon Oct 14 2019 15:57:48 GMT+0800 (China Standard Time) test info methodMon Oct 14 2019 15:57:48 GMT+0800 (China Standard Time) easy-node-logger: Mon Oct 14 2019 15:57:48 GMT+0800 (China Standard Time) test info methodMon Oct 14 2019 15:57:48 GMT+0800 (China Standard Time) easy-node-logger: Mon Oct 14 2019 15:57:48 GMT+0800 (China Standard Time) test info methodMon Oct 14 2019 15:57:48 GMT+0800 (China Standard Time) easy-node-logger: Mon Oct 14 2019 15:57:48 GMT+0800 (China Standard Time) test info methodMon Oct 14 2019 15:57:48 GMT+0800 (China Standard Time) easy-node-logger: Mon Oct 14 2019 15:57:48 GMT+0800 (China Standard Time) test info methodMon Oct 14 2019 15:57:48 GMT+0800 (China Standard Time) easy-node-logger: Mon Oct 14 2019 15:57:48 GMT+0800 (China Standard Time) test info methodMon Oct 14 2019 15:57:48 GMT+0800 (China Standard Time) easy-node-logger: Mon Oct 14 2019 15:57:48 GMT+0800 (China Standard Time) test info methodMon Oct 14 2019 15:57:48 GMT+0800 (China Standard Time) easy-node-logger: Mon Oct 14 2019 15:57:48 GMT+0800 (China Standard Time) test info methodMon Oct 14 2019 15:57:48 GMT+0800 (China Standard Time) easy-node-logger: Mon Oct 14 2019 15:57:48 GMT+0800 (China Standard Time) test info methodMon Oct 14 2019 15:57:48 GMT+0800 (China Standard Time) easy-node-logger: Mon Oct 14 2019 15:57:48 GMT+0800 (China Standard Time) test info methodMon Oct 14 2019 15:57:48 GMT+0800 (China Standard Time) easy-node-logger: Mon Oct 14 2019 15:57:48 GMT+0800 (China Standard Time) test info methodMon Oct 14 2019 15:57:48 GMT+0800 (China Standard Time) easy-node-logger: Mon Oct 14 2019 15:57:48 GMT+0800 (China Standard Time) test info methodMon Oct 14 2019 15:57:48 GMT+0800 (China Standard Time) easy-node-logger: Mon Oct 14 2019 15:57:48 GMT+0800 (China Standard Time) test info methodMon Oct 14 2019 15:57:48 GMT+0800 (China Standard Time) easy-node-logger: Mon Oct 14 2019 15:57:48 GMT+0800 (China Standard Time) test info methodMon Oct 14 2019 15:57:48 GMT+0800 (China Standard Time) easy-node-logger: Mon Oct 14 2019 15:57:48 GMT+0800 (China Standard Time) test info methodMon Oct 14 2019 15:57:48 GMT+0800 (China Standard Time) easy-node-logger: Mon Oct 14 2019 15:57:48 GMT+0800 (China Standard Time) test info methodMon Oct 14 2019 15:57:48 GMT+0800 (China Standard Time) easy-node-logger: Mon Oct 14 2019 15:57:48 GMT+0800 (China Standard Time) test info methodMon Oct 14 2019 15:57:48 GMT+0800 (China Standard Time) easy-node-logger: Mon Oct 14 2019 15:57:48 GMT+0800 (China Standard Time) test info methodMon Oct 14 2019 15:57:48 GMT+0800 (China Standard Time) easy-node-logger: Mon Oct 14 2019 15:57:48 GMT+0800 (China Standard Time) test info methodMon Oct 14 2019 15:57:48 GMT+0800 (China Standard Time) easy-node-logger: Mon Oct 14 2019 15:57:48 GMT+0800 (China Standard Time) test info methodMon Oct 14 2019 15:57:48 GMT+0800 (China Standard Time) easy-node-logger: Mon Oct 14 2019 15:57:48 GMT+0800 (China Standard Time) test info methodMon Oct 14 2019 15:57:48 GMT+0800 (China Standard Time) easy-node-logger: Mon Oct 14 2019 15:57:48 GMT+0800 (China Standard Time) test info methodMon Oct 14 2019 15:57:48 GMT+0800 (China Standard Time) easy-node-logger: Mon Oct 14 2019 15:57:48 GMT+0800 (China Standard Time) test info methodMon Oct 14 2019 15:57:48 GMT+0800 (China Standard Time) easy-node-logger: Mon Oct 14 2019 15:57:48 GMT+0800 (China Standard Time) test info methodMon Oct 14 2019 15:57:48 GMT+0800 (China Standard Time) easy-node-logger: Mon Oct 14 2019 15:57:48 GMT+0800 (China Standard Time) test info methodMon Oct 14 2019 15:57:48 GMT+0800 (China Standard Time) easy-node-logger: Mon Oct 14 2019 15:57:48 GMT+0800 (China Standard Time) test info methodMon Oct 14 2019 15:57:48 GMT+0800 (China Standard Time) easy-node-logger: Mon Oct 14 2019 15:57:48 GMT+0800 (China Standard Time) test info methodMon Oct 14 2019 15:57:48 GMT+0800 (China Standard Time) easy-node-logger: Mon Oct 14 2019 15:57:48 GMT+0800 (China Standard Time) test info methodMon Oct 14 2019 15:57:48 GMT+0800 (China Standard Time) easy-node-logger: Mon Oct 14 2019 15:57:48 GMT+0800 (China Standard Time) test info methodMon Oct 14 2019 15:57:48 GMT+0800 (China Standard Time) easy-node-logger: Mon Oct 14 2019 15:57:48 GMT+0800 (China Standard Time) test info methodMon Oct 14 2019 15:57:48 GMT+0800 (China Standard Time) easy-node-logger: Mon Oct 14 2019 15:57:48 GMT+0800 (China Standard Time) test info methodMon Oct 14 2019 15:57:48 GMT+0800 (China Standard Time) easy-node-logger: Mon Oct 14 2019 15:57:48 GMT+0800 (China Standard Time) test info methodMon Oct 14 2019 15:57:48 GMT+0800 (China Standard Time) easy-node-logger: Mon Oct 14 2019 15:57:48 GMT+0800 (China Standard Time) test info methodMon Oct 14 2019 15:57:48 GMT+0800 (China Standard Time) easy-node-logger: Mon Oct 14 2019 15:57:48 GMT+0800 (China Standard Time) test info methodMon Oct 14 2019 15:57:48 GMT+0800 (China Standard Time) easy-node-logger: Mon Oct 14 2019 15:57:48 GMT+0800 (China Standard Time) test info methodMon Oct 14 2019 15:57:48 GMT+0800 (China Standard Time) easy-node-logger: Mon Oct 14 2019 15:57:48 GMT+0800 (China Standard Time) test info methodMon Oct 14 2019 15:57:48 GMT+0800 (China Standard Time) easy-node-logger: Mon Oct 14 2019 15:57:48 GMT+0800 (China Standard Time) test info methodMon Oct 14 2019 15:57:48 GMT+0800 (China Standard Time) easy-node-logger: Mon Oct 14 2019 15:57:48 GMT+0800 (China Standard Time) test info methodMon Oct 14 2019 15:57:48 GMT+0800 (China Standard Time) easy-node-logger: Mon Oct 14 2019 15:57:48 GMT+0800 (China Standard Time) test info methodMon Oct 14 2019 15:57:48 GMT+0800 (China Standard Time) easy-node-logger: Mon Oct 14 2019 15:57:48 GMT+0800 (China Standard Time) test info methodMon Oct 14 2019 15:57:48 GMT+0800 (China Standard Time) easy-node-logger: Mon Oct 14 2019 15:57:48 GMT+0800 (China Standard Time) test info methodMon Oct 14 2019 15:57:48 GMT+0800 (China Standard Time) easy-node-logger: Mon Oct 14 2019 15:57:48 GMT+0800 (China Standard Time) test info methodMon Oct 14 2019 15:57:48 GMT+0800 (China Standard Time) easy-node-logger: Mon Oct 14 2019 15:57:48 GMT+0800 (China Standard Time) test info methodMon Oct 14 2019 15:57:48 GMT+0800 (China Standard Time) easy-node-logger: Mon Oct 14 2019 15:57:48 GMT+0800 (China Standard Time) test info methodMon Oct 14 2019 15:57:48 GMT+0800 (China Standard Time) easy-node-logger: Mon Oct 14 2019 15:57:48 GMT+0800 (China Standard Time) test info methodMon Oct 14 2019 15:57:48 GMT+0800 (China Standard Time) easy-node-logger: Mon Oct 14 2019 15:57:48 GMT+0800 (China Standard Time) test info methodMon Oct 14 2019 15:57:48 GMT+0800 (China Standard Time) easy-node-logger: Mon Oct 14 2019 15:57:48 GMT+0800 (China Standard Time) test info methodMon Oct 14 2019 15:57:48 GMT+0800 (China Standard Time) easy-node-logger: Mon Oct 14 2019 15:57:48 GMT+0800 (China Standard Time) test info methodMon Oct 14 2019 15:57:48 GMT+0800 (China Standard Time) easy-node-logger: Mon Oct 14 2019 15:57:48 GMT+0800 (China Standard Time) test info methodMon Oct 14 2019 15:57:48 GMT+0800 (China Standard Time) easy-node-logger: Mon Oct 14 2019 15:57:48 GMT+0800 (China Standard Time) test info methodMon Oct 14 2019 15:57:48 GMT+0800 (China Standard Time) easy-node-logger: Mon Oct 14 2019 15:57:48 GMT+0800 (China Standard Time) test info methodMon Oct 14 2019 15:57:48 GMT+0800 (China Standard Time) easy-node-logger: Mon Oct 14 2019 15:57:48 GMT+0800 (China Standard Time) test info methodMon Oct 14 2019 15:57:48 GMT+0800 (China Standard Time) easy-node-logger: Mon Oct 14 2019 15:57:48 GMT+0800 (China Standard Time) test info methodMon Oct 14 2019 15:57:48 GMT+0800 (China Standard Time) easy-node-logger: Mon Oct 14 2019 15:57:48 GMT+0800 (China Standard Time) test info methodMon Oct 14 2019 15:57:48 GMT+0800 (China Standard Time) easy-node-logger: Mon Oct 14 2019 15:57:48 GMT+0800 (China Standard Time) test info methodMon Oct 14 2019 15:57:48 GMT+0800 (China Standard Time) easy-node-logger: Mon Oct 14 2019 15:57:48 GMT+0800 (China Standard Time) test info methodMon Oct 14 2019 15:57:48 GMT+0800 (China Standard Time) easy-node-logger: Mon Oct 14 2019 15:57:48 GMT+0800 (China Standard Time) test info methodMon Oct 14 2019 15:57:48 GMT+0800 (China Standard Time) easy-node-logger: Mon Oct 14 2019 15:57:48 GMT+0800 (China Standard Time) test info methodMon Oct 14 2019 15:57:48 GMT+0800 (China Standard Time) easy-node-logger: Mon Oct 14 2019 15:57:48 GMT+0800 (China Standard Time) test info methodMon Oct 14 2019 15:57:48 GMT+0800 (China Standard Time) easy-node-logger: Mon Oct 14 2019 15:57:48 GMT+0800 (China Standard Time) test info methodMon Oct 14 2019 15:57:48 GMT+0800 (China Standard Time) easy-node-logger: Mon Oct 14 2019 15:57:48 GMT+0800 (China Standard Time) test info methodMon Oct 14 2019 15:57:48 GMT+0800 (China Standard Time) easy-node-logger: Mon Oct 14 2019 15:57:48 GMT+0800 (China Standard Time) test info methodMon Oct 14 2019 15:57:48 GMT+0800 (China Standard Time) easy-node-logger: Mon Oct 14 2019 15:57:48 GMT+0800 (China Standard Time) test info methodMon Oct 14 2019 15:57:48 GMT+0800 (China Standard Time) easy-node-logger: Mon Oct 14 2019 15:57:48 GMT+0800 (China Standard Time) test info methodMon Oct 14 2019 15:57:48 GMT+0800 (China Standard Time) easy-node-logger: Mon Oct 14 2019 15:57:48 GMT+0800 (China Standard Time) test info methodMon Oct 14 2019 15:57:48 GMT+0800 (China Standard Time) easy-node-logger: Mon Oct 14 2019 15:57:48 GMT+0800 (China Standard Time) test info methodMon Oct 14 2019 15:57:48 GMT+0800 (China Standard Time) easy-node-logger: Mon Oct 14 2019 15:57:48 GMT+0800 (China Standard Time) test info methodMon Oct 14 2019 15:57:49 GMT+0800 (China Standard Time) easy-node-logger: Mon Oct 14 2019 15:57:49 GMT+0800 (China Standard Time) test info methodMon Oct 14 2019 15:57:49 GMT+0800 (China Standard Time) easy-node-logger: Mon Oct 14 2019 15:57:49 GMT+0800 (China Standard Time) test info methodMon Oct 14 2019 15:57:49 GMT+0800 (China Standard Time) easy-node-logger: Mon Oct 14 2019 15:57:49 GMT+0800 (China Standard Time) test info methodMon Oct 14 2019 15:57:49 GMT+0800 (China Standard Time) easy-node-logger: Mon Oct 14 2019 15:57:49 GMT+0800 (China Standard Time) test info methodMon Oct 14 2019 15:57:49 GMT+0800 (China Standard Time) easy-node-logger: Mon Oct 14 2019 15:57:49 GMT+0800 (China Standard Time) test info methodMon Oct 14 2019 15:57:49 GMT+0800 (China Standard Time) easy-node-logger: Mon Oct 14 2019 15:57:49 GMT+0800 (China Standard Time) test info methodMon Oct 14 2019 15:57:49 GMT+0800 (China Standard Time) easy-node-logger: Mon Oct 14 2019 15:57:49 GMT+0800 (China Standard Time) test info methodMon Oct 14 2019 15:57:49 GMT+0800 (China Standard Time) easy-node-logger: Mon Oct 14 2019 15:57:49 GMT+0800 (China Standard Time) test info methodMon Oct 14 2019 15:57:49 GMT+0800 (China Standard Time) easy-node-logger: Mon Oct 14 2019 15:57:49 GMT+0800 (China Standard Time) test info methodMon Oct 14 2019 15:57:49 GMT+0800 (China Standard Time) easy-node-logger: Mon Oct 14 2019 15:57:49 GMT+0800 (China Standard Time) test info methodMon Oct 14 2019 15:57:49 GMT+0800 (China Standard Time) easy-node-logger: Mon Oct 14 2019 15:57:49 GMT+0800 (China Standard Time) test info methodMon Oct 14 2019 15:57:49 GMT+0800 (China Standard Time) easy-node-logger: Mon Oct 14 2019 15:57:49 GMT+0800 (China Standard Time) test info methodMon Oct 14 2019 15:57:49 GMT+0800 (China Standard Time) easy-node-logger: Mon Oct 14 2019 15:57:49 GMT+0800 (China Standard Time) test info methodMon Oct 14 2019 15:57:49 GMT+0800 (China Standard Time) easy-node-logger: Mon Oct 14 2019 15:57:49 GMT+0800 (China Standard Time) test info methodMon Oct 14 2019 15:57:49 GMT+0800 (China Standard Time) easy-node-logger: Mon Oct 14 2019 15:57:49 GMT+0800 (China Standard Time) test info methodMon Oct 14 2019 15:57:49 GMT+0800 (China Standard Time) easy-node-logger: Mon Oct 14 2019 15:57:49 GMT+0800 (China Standard Time) test info methodMon Oct 14 2019 15:57:49 GMT+0800 (China Standard Time) easy-node-logger: Mon Oct 14 2019 15:57:49 GMT+0800 (China Standard Time) test info methodMon Oct 14 2019 15:57:49 GMT+0800 (China Standard Time) easy-node-logger: Mon Oct 14 2019 15:57:49 GMT+0800 (China Standard Time) test info methodMon Oct 14 2019 15:57:49 GMT+0800 (China Standard Time) easy-node-logger: Mon Oct 14 2019 15:57:49 GMT+0800 (China Standard Time) test info methodMon Oct 14 2019 15:57:49 GMT+0800 (China Standard Time) easy-node-logger: Mon Oct 14 2019 15:57:49 GMT+0800 (China Standard Time) test info methodMon Oct 14 2019 15:57:49 GMT+0800 (China Standard Time) easy-node-logger: Mon Oct 14 2019 15:57:49 GMT+0800 (China Standard Time) test info methodMon Oct 14 2019 15:57:49 GMT+0800 (China Standard Time) easy-node-logger: Mon Oct 14 2019 15:57:49 GMT+0800 (China Standard Time) test info methodMon Oct 14 2019 15:57:49 GMT+0800 (China Standard Time) easy-node-logger: Mon Oct 14 2019 15:57:49 GMT+0800 (China Standard Time) test info methodMon Oct 14 2019 15:57:49 GMT+0800 (China Standard Time) easy-node-logger: Mon Oct 14 2019 15:57:49 GMT+0800 (China Standard Time) test info methodMon Oct 14 2019 15:57:49 GMT+0800 (China Standard Time) easy-node-logger: Mon Oct 14 2019 15:57:49 GMT+0800 (China Standard Time) test info methodMon Oct 14 2019 15:57:49 GMT+0800 (China Standard Time) easy-node-logger: Mon Oct 14 2019 15:57:49 GMT+0800 (China Standard Time) test info methodMon Oct 14 2019 15:57:49 GMT+0800 (China Standard Time) easy-node-logger: Mon Oct 14 2019 15:57:49 GMT+0800 (China Standard Time) test info methodMon Oct 14 2019 15:57:49 GMT+0800 (China Standard Time) easy-node-logger: Mon Oct 14 2019 15:57:49 GMT+0800 (China Standard Time) test info methodMon Oct 14 2019 15:57:49 GMT+0800 (China Standard Time) easy-node-logger: Mon Oct 14 2019 15:57:49 GMT+0800 (China Standard Time) test info methodMon Oct 14 2019 15:57:49 GMT+0800 (China Standard Time) easy-node-logger: Mon Oct 14 2019 15:57:49 GMT+0800 (China Standard Time) test info methodMon Oct 14 2019 15:57:49 GMT+0800 (China Standard Time) easy-node-logger: Mon Oct 14 2019 15:57:49 GMT+0800 (China Standard Time) test info methodMon Oct 14 2019 15:57:49 GMT+0800 (China Standard Time) easy-node-logger: Mon Oct 14 2019 15:57:49 GMT+0800 (China Standard Time) test info methodMon Oct 14 2019 15:57:49 GMT+0800 (China Standard Time) easy-node-logger: Mon Oct 14 2019 15:57:49 GMT+0800 (China Standard Time) test info methodMon Oct 14 2019 15:57:49 GMT+0800 (China Standard Time) easy-node-logger: Mon Oct 14 2019 15:57:49 GMT+0800 (China Standard Time) test info methodMon Oct 14 2019 15:57:49 GMT+0800 (China Standard Time) easy-node-logger: Mon Oct 14 2019 15:57:49 GMT+0800 (China Standard Time) test info methodMon Oct 14 2019 15:57:49 GMT+0800 (China Standard Time) easy-node-logger: Mon Oct 14 2019 15:57:49 GMT+0800 (China Standard Time) test info methodMon Oct 14 2019 15:57:49 GMT+0800 (China Standard Time) easy-node-logger: Mon Oct 14 2019 15:57:49 GMT+0800 (China Standard Time) test info methodMon Oct 14 2019 15:57:49 GMT+0800 (China Standard Time) easy-node-logger: Mon Oct 14 2019 15:57:49 GMT+0800 (China Standard Time) test info methodMon Oct 14 2019 15:57:49 GMT+0800 (China Standard Time) easy-node-logger: Mon Oct 14 2019 15:57:49 GMT+0800 (China Standard Time) test info methodMon Oct 14 2019 15:57:49 GMT+0800 (China Standard Time) easy-node-logger: Mon Oct 14 2019 15:57:49 GMT+0800 (China Standard Time) test info methodMon Oct 14 2019 15:57:49 GMT+0800 (China Standard Time) easy-node-logger: Mon Oct 14 2019 15:57:49 GMT+0800 (China Standard Time) test info methodMon Oct 14 2019 15:57:49 GMT+0800 (China Standard Time) easy-node-logger: Mon Oct 14 2019 15:57:49 GMT+0800 (China Standard Time) test info methodMon Oct 14 2019 15:57:49 GMT+0800 (China Standard Time) easy-node-logger: Mon Oct 14 2019 15:57:49 GMT+0800 (China Standard Time) test info methodMon Oct 14 2019 15:57:49 GMT+0800 (China Standard Time) easy-node-logger: Mon Oct 14 2019 15:57:49 GMT+0800 (China Standard Time) test info methodMon Oct 14 2019 15:57:49 GMT+0800 (China Standard Time) easy-node-logger: Mon Oct 14 2019 15:57:49 GMT+0800 (China Standard Time) test info methodMon Oct 14 2019 15:57:49 GMT+0800 (China Standard Time) easy-node-logger: Mon Oct 14 2019 15:57:49 GMT+0800 (China Standard Time) test info methodMon Oct 14 2019 15:57:49 GMT+0800 (China Standard Time) easy-node-logger: Mon Oct 14 2019 15:57:49 GMT+0800 (China Standard Time) test info methodMon Oct 14 2019 15:57:49 GMT+0800 (China Standard Time) easy-node-logger: Mon Oct 14 2019 15:57:49 GMT+0800 (China Standard Time) test info methodMon Oct 14 2019 15:57:49 GMT+0800 (China Standard Time) easy-node-logger: Mon Oct 14 2019 15:57:49 GMT+0800 (China Standard Time) test info methodMon Oct 14 2019 15:57:49 GMT+0800 (China Standard Time) easy-node-logger: Mon Oct 14 2019 15:57:49 GMT+0800 (China Standard Time) test info methodMon Oct 14 2019 15:57:49 GMT+0800 (China Standard Time) easy-node-logger: Mon Oct 14 2019 15:57:49 GMT+0800 (China Standard Time) test info methodMon Oct 14 2019 15:57:49 GMT+0800 (China Standard Time) easy-node-logger: Mon Oct 14 2019 15:57:49 GMT+0800 (China Standard Time) test info methodMon Oct 14 2019 15:57:49 GMT+0800 (China Standard Time) easy-node-logger: Mon Oct 14 2019 15:57:49 GMT+0800 (China Standard Time) test info methodMon Oct 14 2019 15:57:49 GMT+0800 (China Standard Time) easy-node-logger: Mon Oct 14 2019 15:57:49 GMT+0800 (China Standard Time) test info methodMon Oct 14 2019 15:57:49 GMT+0800 (China Standard Time) easy-node-logger: Mon Oct 14 2019 15:57:49 GMT+0800 (China Standard Time) test info methodMon Oct 14 2019 15:57:49 GMT+0800 (China Standard Time) easy-node-logger: Mon Oct 14 2019 15:57:49 GMT+0800 (China Standard Time) test info methodMon Oct 14 2019 15:57:49 GMT+0800 (China Standard Time) easy-node-logger: Mon Oct 14 2019 15:57:49 GMT+0800 (China Standard Time) test info methodMon Oct 14 2019 15:57:49 GMT+0800 (China Standard Time) easy-node-logger: Mon Oct 14 2019 15:57:49 GMT+0800 (China Standard Time) test info methodMon Oct 14 2019 15:57:49 GMT+0800 (China Standard Time) easy-node-logger: Mon Oct 14 2019 15:57:49 GMT+0800 (China Standard Time) test info methodMon Oct 14 2019 15:57:49 GMT+0800 (China Standard Time) easy-node-logger: Mon Oct 14 2019 15:57:49 GMT+0800 (China Standard Time) test info methodMon Oct 14 2019 15:57:49 GMT+0800 (China Standard Time) easy-node-logger: Mon Oct 14 2019 15:57:49 GMT+0800 (China Standard Time) test info methodMon Oct 14 2019 15:57:49 GMT+0800 (China Standard Time) easy-node-logger: Mon Oct 14 2019 15:57:49 GMT+0800 (China Standard Time) test info methodMon Oct 14 2019 15:57:49 GMT+0800 (China Standard Time) easy-node-logger: Mon Oct 14 2019 15:57:49 GMT+0800 (China Standard Time) test info methodMon Oct 14 2019 15:57:49 GMT+0800 (China Standard Time) easy-node-logger: Mon Oct 14 2019 15:57:49 GMT+0800 (China Standard Time) test info methodMon Oct 14 2019 15:57:49 GMT+0800 (China Standard Time) easy-node-logger: Mon Oct 14 2019 15:57:49 GMT+0800 (China Standard Time) test info methodMon Oct 14 2019 15:57:49 GMT+0800 (China Standard Time) easy-node-logger: Mon Oct 14 2019 15:57:49 GMT+0800 (China Standard Time) test info methodMon Oct 14 2019 15:57:49 GMT+0800 (China Standard Time) easy-node-logger: Mon Oct 14 2019 15:57:49 GMT+0800 (China Standard Time) test info methodMon Oct 14 2019 15:57:49 GMT+0800 (China Standard Time) easy-node-logger: Mon Oct 14 2019 15:57:49 GMT+0800 (China Standard Time) test info methodMon Oct 14 2019 15:57:49 GMT+0800 (China Standard Time) easy-node-logger: Mon Oct 14 2019 15:57:49 GMT+0800 (China Standard Time) test info methodMon Oct 14 2019 15:57:49 GMT+0800 (China Standard Time) easy-node-logger: Mon Oct 14 2019 15:57:49 GMT+0800 (China Standard Time) test info methodMon Oct 14 2019 15:57:49 GMT+0800 (China Standard Time) easy-node-logger: Mon Oct 14 2019 15:57:49 GMT+0800 (China Standard Time) test info methodMon Oct 14 2019 15:57:49 GMT+0800 (China Standard Time) easy-node-logger: Mon Oct 14 2019 15:57:49 GMT+0800 (China Standard Time) test info methodMon Oct 14 2019 15:57:49 GMT+0800 (China Standard Time) easy-node-logger: Mon Oct 14 2019 15:57:49 GMT+0800 (China Standard Time) test info methodMon Oct 14 2019 15:57:49 GMT+0800 (China Standard Time) easy-node-logger: Mon Oct 14 2019 15:57:49 GMT+0800 (China Standard Time) test info methodMon Oct 14 2019 15:57:49 GMT+0800 (China Standard Time) easy-node-logger: Mon Oct 14 2019 15:57:49 GMT+0800 (China Standard Time) test info methodMon Oct 14 2019 15:57:49 GMT+0800 (China Standard Time) easy-node-logger: Mon Oct 14 2019 15:57:49 GMT+0800 (China Standard Time) test info methodMon Oct 14 2019 15:57:49 GMT+0800 (China Standard Time) easy-node-logger: Mon Oct 14 2019 15:57:49 GMT+0800 (China Standard Time) test info methodMon Oct 14 2019 15:57:49 GMT+0800 (China Standard Time) easy-node-logger: Mon Oct 14 2019 15:57:49 GMT+0800 (China Standard Time) test info methodMon Oct 14 2019 15:57:49 GMT+0800 (China Standard Time) easy-node-logger: Mon Oct 14 2019 15:57:49 GMT+0800 (China Standard Time) test info methodMon Oct 14 2019 15:57:49 GMT+0800 (China Standard Time) easy-node-logger: Mon Oct 14 2019 15:57:49 GMT+0800 (China Standard Time) test info methodMon Oct 14 2019 15:57:49 GMT+0800 (China Standard Time) easy-node-logger: Mon Oct 14 2019 15:57:49 GMT+0800 (China Standard Time) test info methodMon Oct 14 2019 15:57:49 GMT+0800 (China Standard Time) easy-node-logger: Mon Oct 14 2019 15:57:49 GMT+0800 (China Standard Time) test info methodMon Oct 14 2019 15:57:49 GMT+0800 (China Standard Time) easy-node-logger: Mon Oct 14 2019 15:57:49 GMT+0800 (China Standard Time) test info methodMon Oct 14 2019 15:57:49 GMT+0800 (China Standard Time) easy-node-logger: Mon Oct 14 2019 15:57:49 GMT+0800 (China Standard Time) test info methodMon Oct 14 2019 15:57:49 GMT+0800 (China Standard Time) easy-node-logger: Mon Oct 14 2019 15:57:49 GMT+0800 (China Standard Time) test info methodMon Oct 14 2019 15:57:49 GMT+0800 (China Standard Time) easy-node-logger: Mon Oct 14 2019 15:57:49 GMT+0800 (China Standard Time) test info methodMon Oct 14 2019 15:57:49 GMT+0800 (China Standard Time) easy-node-logger: Mon Oct 14 2019 15:57:49 GMT+0800 (China Standard Time) test info methodMon Oct 14 2019 15:57:49 GMT+0800 (China Standard Time) easy-node-logger: Mon Oct 14 2019 15:57:49 GMT+0800 (China Standard Time) test info methodMon Oct 14 2019 15:57:49 GMT+0800 (China Standard Time) easy-node-logger: Mon Oct 14 2019 15:57:49 GMT+0800 (China Standard Time) test info methodMon Oct 14 2019 15:57:49 GMT+0800 (China Standard Time) easy-node-logger: Mon Oct 14 2019 15:57:49 GMT+0800 (China Standard Time) test info methodMon Oct 14 2019 15:57:49 GMT+0800 (China Standard Time) easy-node-logger: Mon Oct 14 2019 15:57:49 GMT+0800 (China Standard Time) test info methodMon Oct 14 2019 15:57:49 GMT+0800 (China Standard Time) easy-node-logger: Mon Oct 14 2019 15:57:49 GMT+0800 (China Standard Time) test info methodMon Oct 14 2019 15:57:49 GMT+0800 (China Standard Time) easy-node-logger: Mon Oct 14 2019 15:57:49 GMT+0800 (China Standard Time) test info methodMon Oct 14 2019 15:57:49 GMT+0800 (China Standard Time) easy-node-logger: Mon Oct 14 2019 15:57:49 GMT+0800 (China Standard Time) test info methodMon Oct 14 2019 15:57:49 GMT+0800 (China Standard Time) easy-node-logger: Mon Oct 14 2019 15:57:49 GMT+0800 (China Standard Time) test info methodMon Oct 14 2019 15:57:49 GMT+0800 (China Standard Time) easy-node-logger: Mon Oct 14 2019 15:57:49 GMT+0800 (China Standard Time) test info methodMon Oct 14 2019 15:57:49 GMT+0800 (China Standard Time) easy-node-logger: Mon Oct 14 2019 15:57:49 GMT+0800 (China Standard Time) test info methodMon Oct 14 2019 15:57:49 GMT+0800 (China Standard Time) easy-node-logger: Mon Oct 14 2019 15:57:49 GMT+0800 (China Standard Time) test info methodMon Oct 14 2019 15:57:49 GMT+0800 (China Standard Time) easy-node-logger: Mon Oct 14 2019 15:57:49 GMT+0800 (China Standard Time) test info methodMon Oct 14 2019 15:57:49 GMT+0800 (China Standard Time) easy-node-logger: Mon Oct 14 2019 15:57:49 GMT+0800 (China Standard Time) test info methodMon Oct 14 2019 15:57:49 GMT+0800 (China Standard Time) easy-node-logger: Mon Oct 14 2019 15:57:49 GMT+0800 (China Standard Time) test info methodMon Oct 14 2019 15:57:49 GMT+0800 (China Standard Time) easy-node-logger: Mon Oct 14 2019 15:57:49 GMT+0800 (China Standard Time) test info methodMon Oct 14 2019 15:57:49 GMT+0800 (China Standard Time) easy-node-logger: Mon Oct 14 2019 15:57:49 GMT+0800 (China Standard Time) test info methodMon Oct 14 2019 15:57:49 GMT+0800 (China Standard Time) easy-node-logger: Mon Oct 14 2019 15:57:49 GMT+0800 (China Standard Time) test info methodMon Oct 14 2019 15:57:49 GMT+0800 (China Standard Time) easy-node-logger: Mon Oct 14 2019 15:57:49 GMT+0800 (China Standard Time) test info methodMon Oct 14 2019 15:57:49 GMT+0800 (China Standard Time) easy-node-logger: Mon Oct 14 2019 15:57:49 GMT+0800 (China Standard Time) test info methodMon Oct 14 2019 15:57:49 GMT+0800 (China Standard Time) easy-node-logger: Mon Oct 14 2019 15:57:49 GMT+0800 (China Standard Time) test info methodMon Oct 14 2019 15:57:49 GMT+0800 (China Standard Time) easy-node-logger: Mon Oct 14 2019 15:57:49 GMT+0800 (China Standard Time) test info methodMon Oct 14 2019 15:57:49 GMT+0800 (China Standard Time) easy-node-logger: Mon Oct 14 2019 15:57:49 GMT+0800 (China Standard Time) test info methodMon Oct 14 2019 15:57:49 GMT+0800 (China Standard Time) easy-node-logger: Mon Oct 14 2019 15:57:49 GMT+0800 (China Standard Time) test info methodMon Oct 14 2019 15:57:49 GMT+0800 (China Standard Time) easy-node-logger: Mon Oct 14 2019 15:57:49 GMT+0800 (China Standard Time) test info methodMon Oct 14 2019 15:57:49 GMT+0800 (China Standard Time) easy-node-logger: Mon Oct 14 2019 15:57:49 GMT+0800 (China Standard Time) test info methodMon Oct 14 2019 15:57:49 GMT+0800 (China Standard Time) easy-node-logger: Mon Oct 14 2019 15:57:49 GMT+0800 (China Standard Time) test info methodMon Oct 14 2019 15:57:49 GMT+0800 (China Standard Time) easy-node-logger: Mon Oct 14 2019 15:57:49 GMT+0800 (China Standard Time) test info methodMon Oct 14 2019 15:57:49 GMT+0800 (China Standard Time) easy-node-logger: Mon Oct 14 2019 15:57:49 GMT+0800 (China Standard Time) test info methodMon Oct 14 2019 15:57:49 GMT+0800 (China Standard Time) easy-node-logger: Mon Oct 14 2019 15:57:49 GMT+0800 (China Standard Time) test info methodMon Oct 14 2019 15:57:49 GMT+0800 (China Standard Time) easy-node-logger: Mon Oct 14 2019 15:57:49 GMT+0800 (China Standard Time) test info methodMon Oct 14 2019 15:57:49 GMT+0800 (China Standard Time) easy-node-logger: Mon Oct 14 2019 15:57:49 GMT+0800 (China Standard Time) test info methodMon Oct 14 2019 15:57:49 GMT+0800 (China Standard Time) easy-node-logger: Mon Oct 14 2019 15:57:49 GMT+0800 (China Standard Time) test info methodMon Oct 14 2019 15:57:49 GMT+0800 (China Standard Time) easy-node-logger: Mon Oct 14 2019 15:57:49 GMT+0800 (China Standard Time) test info methodMon Oct 14 2019 15:57:49 GMT+0800 (China Standard Time) easy-node-logger: Mon Oct 14 2019 15:57:49 GMT+0800 (China Standard Time) test info methodMon Oct 14 2019 15:57:49 GMT+0800 (China Standard Time) easy-node-logger: Mon Oct 14 2019 15:57:49 GMT+0800 (China Standard Time) test info methodMon Oct 14 2019 15:57:49 GMT+0800 (China Standard Time) easy-node-logger: Mon Oct 14 2019 15:57:49 GMT+0800 (China Standard Time) test info methodMon Oct 14 2019 15:57:49 GMT+0800 (China Standard Time) easy-node-logger: Mon Oct 14 2019 15:57:49 GMT+0800 (China Standard Time) test info methodMon Oct 14 2019 15:57:49 GMT+0800 (China Standard Time) easy-node-logger: Mon Oct 14 2019 15:57:49 GMT+0800 (China Standard Time) test info methodMon Oct 14 2019 15:57:49 GMT+0800 (China Standard Time) easy-node-logger: Mon Oct 14 2019 15:57:49 GMT+0800 (China Standard Time) test info methodMon Oct 14 2019 15:57:49 GMT+0800 (China Standard Time) easy-node-logger: Mon Oct 14 2019 15:57:49 GMT+0800 (China Standard Time) test info methodMon Oct 14 2019 15:57:49 GMT+0800 (China Standard Time) easy-node-logger: Mon Oct 14 2019 15:57:49 GMT+0800 (China Standard Time) test info methodMon Oct 14 2019 15:57:49 GMT+0800 (China Standard Time) easy-node-logger: Mon Oct 14 2019 15:57:49 GMT+0800 (China Standard Time) test info methodMon Oct 14 2019 15:57:49 GMT+0800 (China Standard Time) easy-node-logger: Mon Oct 14 2019 15:57:49 GMT+0800 (China Standard Time) test info methodMon Oct 14 2019 15:57:49 GMT+0800 (China Standard Time) easy-node-logger: Mon Oct 14 2019 15:57:49 GMT+0800 (China Standard Time) test info methodMon Oct 14 2019 15:57:49 GMT+0800 (China Standard Time) easy-node-logger: Mon Oct 14 2019 15:57:49 GMT+0800 (China Standard Time) test info methodMon Oct 14 2019 15:57:49 GMT+0800 (China Standard Time) easy-node-logger: Mon Oct 14 2019 15:57:49 GMT+0800 (China Standard Time) test info methodMon Oct 14 2019 15:57:49 GMT+0800 (China Standard Time) easy-node-logger: Mon Oct 14 2019 15:57:49 GMT+0800 (China Standard Time) test info methodMon Oct 14 2019 15:57:49 GMT+0800 (China Standard Time) easy-node-logger: Mon Oct 14 2019 15:57:49 GMT+0800 (China Standard Time) test info methodMon Oct 14 2019 15:57:49 GMT+0800 (China Standard Time) easy-node-logger: Mon Oct 14 2019 15:57:49 GMT+0800 (China Standard Time) test info methodMon Oct 14 2019 15:57:49 GMT+0800 (China Standard Time) easy-node-logger: Mon Oct 14 2019 15:57:49 GMT+0800 (China Standard Time) test info methodMon Oct 14 2019 15:57:49 GMT+0800 (China Standard Time) easy-node-logger: Mon Oct 14 2019 15:57:49 GMT+0800 (China Standard Time) test info methodMon Oct 14 2019 15:57:49 GMT+0800 (China Standard Time) easy-node-logger: Mon Oct 14 2019 15:57:49 GMT+0800 (China Standard Time) test info methodMon Oct 14 2019 15:57:49 GMT+0800 (China Standard Time) easy-node-logger: Mon Oct 14 2019 15:57:49 GMT+0800 (China Standard Time) test info methodMon Oct 14 2019 15:57:49 GMT+0800 (China Standard Time) easy-node-logger: Mon Oct 14 2019 15:57:49 GMT+0800 (China Standard Time) test info methodMon Oct 14 2019 15:57:49 GMT+0800 (China Standard Time) easy-node-logger: Mon Oct 14 2019 15:57:49 GMT+0800 (China Standard Time) test info methodMon Oct 14 2019 15:57:49 GMT+0800 (China Standard Time) easy-node-logger: Mon Oct 14 2019 15:57:49 GMT+0800 (China Standard Time) test info methodMon Oct 14 2019 15:57:49 GMT+0800 (China Standard Time) easy-node-logger: Mon Oct 14 2019 15:57:49 GMT+0800 (China Standard Time) test info methodMon Oct 14 2019 15:57:49 GMT+0800 (China Standard Time) easy-node-logger: Mon Oct 14 2019 15:57:49 GMT+0800 (China Standard Time) test info methodMon Oct 14 2019 15:57:49 GMT+0800 (China Standard Time) easy-node-logger: Mon Oct 14 2019 15:57:49 GMT+0800 (China Standard Time) test info methodMon Oct 14 2019 15:57:49 GMT+0800 (China Standard Time) easy-node-logger: Mon Oct 14 2019 15:57:49 GMT+0800 (China Standard Time) test info methodMon Oct 14 2019 15:57:49 GMT+0800 (China Standard Time) easy-node-logger: Mon Oct 14 2019 15:57:49 GMT+0800 (China Standard Time) test info methodMon Oct 14 2019 15:57:49 GMT+0800 (China Standard Time) easy-node-logger: Mon Oct 14 2019 15:57:49 GMT+0800 (China Standard Time) test info methodMon Oct 14 2019 15:57:49 GMT+0800 (China Standard Time) easy-node-logger: Mon Oct 14 2019 15:57:49 GMT+0800 (China Standard Time) test info methodMon Oct 14 2019 15:57:49 GMT+0800 (China Standard Time) easy-node-logger: Mon Oct 14 2019 15:57:49 GMT+0800 (China Standard Time) test info methodMon Oct 14 2019 15:57:49 GMT+0800 (China Standard Time) easy-node-logger: Mon Oct 14 2019 15:57:49 GMT+0800 (China Standard Time) test info methodMon Oct 14 2019 15:57:49 GMT+0800 (China Standard Time) easy-node-logger: Mon Oct 14 2019 15:57:49 GMT+0800 (China Standard Time) test info methodMon Oct 14 2019 15:57:49 GMT+0800 (China Standard Time) easy-node-logger: Mon Oct 14 2019 15:57:49 GMT+0800 (China Standard Time) test info methodMon Oct 14 2019 15:57:49 GMT+0800 (China Standard Time) easy-node-logger: Mon Oct 14 2019 15:57:49 GMT+0800 (China Standard Time) test info methodMon Oct 14 2019 15:57:49 GMT+0800 (China Standard Time) easy-node-logger: Mon Oct 14 2019 15:57:49 GMT+0800 (China Standard Time) test info methodMon Oct 14 2019 15:57:49 GMT+0800 (China Standard Time) easy-node-logger: Mon Oct 14 2019 15:57:49 GMT+0800 (China Standard Time) test info methodMon Oct 14 2019 15:57:49 GMT+0800 (China Standard Time) easy-node-logger: Mon Oct 14 2019 15:57:49 GMT+0800 (China Standard Time) test info methodMon Oct 14 2019 15:57:49 GMT+0800 (China Standard Time) easy-node-logger: Mon Oct 14 2019 15:57:49 GMT+0800 (China Standard Time) test info methodMon Oct 14 2019 15:57:49 GMT+0800 (China Standard Time) easy-node-logger: Mon Oct 14 2019 15:57:49 GMT+0800 (China Standard Time) test info methodMon Oct 14 2019 15:57:49 GMT+0800 (China Standard Time) easy-node-logger: Mon Oct 14 2019 15:57:49 GMT+0800 (China Standard Time) test info methodMon Oct 14 2019 15:57:49 GMT+0800 (China Standard Time) easy-node-logger: Mon Oct 14 2019 15:57:49 GMT+0800 (China Standard Time) test info methodMon Oct 14 2019 15:57:49 GMT+0800 (China Standard Time) easy-node-logger: Mon Oct 14 2019 15:57:49 GMT+0800 (China Standard Time) test info methodMon Oct 14 2019 15:57:49 GMT+0800 (China Standard Time) easy-node-logger: Mon Oct 14 2019 15:57:49 GMT+0800 (China Standard Time) test info methodMon Oct 14 2019 15:57:49 GMT+0800 (China Standard Time) easy-node-logger: Mon Oct 14 2019 15:57:49 GMT+0800 (China Standard Time) test info methodMon Oct 14 2019 15:57:49 GMT+0800 (China Standard Time) easy-node-logger: Mon Oct 14 2019 15:57:49 GMT+0800 (China Standard Time) test info methodMon Oct 14 2019 15:57:49 GMT+0800 (China Standard Time) easy-node-logger: Mon Oct 14 2019 15:57:49 GMT+0800 (China Standard Time) test info methodMon Oct 14 2019 15:57:49 GMT+0800 (China Standard Time) easy-node-logger: Mon Oct 14 2019 15:57:49 GMT+0800 (China Standard Time) test info methodMon Oct 14 2019 15:57:49 GMT+0800 (China Standard Time) easy-node-logger: Mon Oct 14 2019 15:57:49 GMT+0800 (China Standard Time) test info methodMon Oct 14 2019 15:57:49 GMT+0800 (China Standard Time) easy-node-logger: Mon Oct 14 2019 15:57:49 GMT+0800 (China Standard Time) test info methodMon Oct 14 2019 15:57:49 GMT+0800 (China Standard Time) easy-node-logger: Mon Oct 14 2019 15:57:49 GMT+0800 (China Standard Time) test info methodMon Oct 14 2019 15:57:49 GMT+0800 (China Standard Time) easy-node-logger: Mon Oct 14 2019 15:57:49 GMT+0800 (China Standard Time) test info methodMon Oct 14 2019 15:57:49 GMT+0800 (China Standard Time) easy-node-logger: Mon Oct 14 2019 15:57:49 GMT+0800 (China Standard Time) test info methodMon Oct 14 2019 15:57:49 GMT+0800 (China Standard Time) easy-node-logger: Mon Oct 14 2019 15:57:49 GMT+0800 (China Standard Time) test info methodMon Oct 14 2019 15:57:49 GMT+0800 (China Standard Time) easy-node-logger: Mon Oct 14 2019 15:57:49 GMT+0800 (China Standard Time) test info methodMon Oct 14 2019 15:57:49 GMT+0800 (China Standard Time) easy-node-logger: Mon Oct 14 2019 15:57:49 GMT+0800 (China Standard Time) test info methodMon Oct 14 2019 15:57:49 GMT+0800 (China Standard Time) easy-node-logger: Mon Oct 14 2019 15:57:49 GMT+0800 (China Standard Time) test info methodMon Oct 14 2019 15:57:49 GMT+0800 (China Standard Time) easy-node-logger: Mon Oct 14 2019 15:57:49 GMT+0800 (China Standard Time) test info methodMon Oct 14 2019 15:57:49 GMT+0800 (China Standard Time) easy-node-logger: Mon Oct 14 2019 15:57:49 GMT+0800 (China Standard Time) test info methodMon Oct 14 2019 15:57:49 GMT+0800 (China Standard Time) easy-node-logger: Mon Oct 14 2019 15:57:49 GMT+0800 (China Standard Time) test info methodMon Oct 14 2019 15:57:49 GMT+0800 (China Standard Time) easy-node-logger: Mon Oct 14 2019 15:57:49 GMT+0800 (China Standard Time) test info methodMon Oct 14 2019 15:57:49 GMT+0800 (China Standard Time) easy-node-logger: Mon Oct 14 2019 15:57:49 GMT+0800 (China Standard Time) test info methodMon Oct 14 2019 15:57:49 GMT+0800 (China Standard Time) easy-node-logger: Mon Oct 14 2019 15:57:49 GMT+0800 (China Standard Time) test info methodMon Oct 14 2019 15:57:49 GMT+0800 (China Standard Time) easy-node-logger: Mon Oct 14 2019 15:57:49 GMT+0800 (China Standard Time) test info methodMon Oct 14 2019 15:57:49 GMT+0800 (China Standard Time) easy-node-logger: Mon Oct 14 2019 15:57:49 GMT+0800 (China Standard Time) test info methodMon Oct 14 2019 15:57:49 GMT+0800 (China Standard Time) easy-node-logger: Mon Oct 14 2019 15:57:49 GMT+0800 (China Standard Time) test info methodMon Oct 14 2019 15:57:49 GMT+0800 (China Standard Time) easy-node-logger: Mon Oct 14 2019 15:57:49 GMT+0800 (China Standard Time) test info methodMon Oct 14 2019 15:57:49 GMT+0800 (China Standard Time) easy-node-logger: Mon Oct 14 2019 15:57:49 GMT+0800 (China Standard Time) test info methodMon Oct 14 2019 15:57:49 GMT+0800 (China Standard Time) easy-node-logger: Mon Oct 14 2019 15:57:49 GMT+0800 (China Standard Time) test info methodMon Oct 14 2019 15:57:49 GMT+0800 (China Standard Time) easy-node-logger: Mon Oct 14 2019 15:57:49 GMT+0800 (China Standard Time) test info methodMon Oct 14 2019 15:57:49 GMT+0800 (China Standard Time) easy-node-logger: Mon Oct 14 2019 15:57:49 GMT+0800 (China Standard Time) test info methodMon Oct 14 2019 15:57:49 GMT+0800 (China Standard Time) easy-node-logger: Mon Oct 14 2019 15:57:49 GMT+0800 (China Standard Time) test info methodMon Oct 14 2019 15:57:49 GMT+0800 (China Standard Time) easy-node-logger: Mon Oct 14 2019 15:57:49 GMT+0800 (China Standard Time) test info methodMon Oct 14 2019 15:57:49 GMT+0800 (China Standard Time) easy-node-logger: Mon Oct 14 2019 15:57:49 GMT+0800 (China Standard Time) test info methodMon Oct 14 2019 15:57:49 GMT+0800 (China Standard Time) easy-node-logger: Mon Oct 14 2019 15:57:49 GMT+0800 (China Standard Time) test info methodMon Oct 14 2019 15:57:49 GMT+0800 (China Standard Time) easy-node-logger: Mon Oct 14 2019 15:57:49 GMT+0800 (China Standard Time) test info methodMon Oct 14 2019 15:57:49 GMT+0800 (China Standard Time) easy-node-logger: Mon Oct 14 2019 15:57:49 GMT+0800 (China Standard Time) test info methodMon Oct 14 2019 15:57:49 GMT+0800 (China Standard Time) easy-node-logger: Mon Oct 14 2019 15:57:49 GMT+0800 (China Standard Time) test info methodMon Oct 14 2019 15:57:49 GMT+0800 (China Standard Time) easy-node-logger: Mon Oct 14 2019 15:57:49 GMT+0800 (China Standard Time) test info methodMon Oct 14 2019 15:57:49 GMT+0800 (China Standard Time) easy-node-logger: Mon Oct 14 2019 15:57:49 GMT+0800 (China Standard Time) test info methodMon Oct 14 2019 15:57:49 GMT+0800 (China Standard Time) easy-node-logger: Mon Oct 14 2019 15:57:49 GMT+0800 (China Standard Time) test info methodMon Oct 14 2019 15:57:49 GMT+0800 (China Standard Time) easy-node-logger: Mon Oct 14 2019 15:57:49 GMT+0800 (China Standard Time) test info methodMon Oct 14 2019 15:57:49 GMT+0800 (China Standard Time) easy-node-logger: Mon Oct 14 2019 15:57:49 GMT+0800 (China Standard Time) test info methodMon Oct 14 2019 15:57:49 GMT+0800 (China Standard Time) easy-node-logger: Mon Oct 14 2019 15:57:49 GMT+0800 (China Standard Time) test info methodMon Oct 14 2019 15:57:49 GMT+0800 (China Standard Time) easy-node-logger: Mon Oct 14 2019 15:57:49 GMT+0800 (China Standard Time) test info methodMon Oct 14 2019 15:57:49 GMT+0800 (China Standard Time) easy-node-logger: Mon Oct 14 2019 15:57:49 GMT+0800 (China Standard Time) test info methodMon Oct 14 2019 15:57:49 GMT+0800 (China Standard Time) easy-node-logger: Mon Oct 14 2019 15:57:49 GMT+0800 (China Standard Time) test info methodMon Oct 14 2019 15:57:49 GMT+0800 (China Standard Time) easy-node-logger: Mon Oct 14 2019 15:57:49 GMT+0800 (China Standard Time) test info methodMon Oct 14 2019 15:57:49 GMT+0800 (China Standard Time) easy-node-logger: Mon Oct 14 2019 15:57:49 GMT+0800 (China Standard Time) test info methodMon Oct 14 2019 15:57:49 GMT+0800 (China Standard Time) easy-node-logger: Mon Oct 14 2019 15:57:49 GMT+0800 (China Standard Time) test info methodMon Oct 14 2019 15:57:49 GMT+0800 (China Standard Time) easy-node-logger: Mon Oct 14 2019 15:57:49 GMT+0800 (China Standard Time) test info methodMon Oct 14 2019 15:57:49 GMT+0800 (China Standard Time) easy-node-logger: Mon Oct 14 2019 15:57:49 GMT+0800 (China Standard Time) test info methodMon Oct 14 2019 15:57:49 GMT+0800 (China Standard Time) easy-node-logger: Mon Oct 14 2019 15:57:49 GMT+0800 (China Standard Time) test info methodMon Oct 14 2019 15:57:49 GMT+0800 (China Standard Time) easy-node-logger: Mon Oct 14 2019 15:57:49 GMT+0800 (China Standard Time) test info methodMon Oct 14 2019 15:57:49 GMT+0800 (China Standard Time) easy-node-logger: Mon Oct 14 2019 15:57:49 GMT+0800 (China Standard Time) test info methodMon Oct 14 2019 15:57:49 GMT+0800 (China Standard Time) easy-node-logger: Mon Oct 14 2019 15:57:49 GMT+0800 (China Standard Time) test info methodMon Oct 14 2019 15:57:49 GMT+0800 (China Standard Time) easy-node-logger: Mon Oct 14 2019 15:57:49 GMT+0800 (China Standard Time) test info methodMon Oct 14 2019 15:57:49 GMT+0800 (China Standard Time) easy-node-logger: Mon Oct 14 2019 15:57:49 GMT+0800 (China Standard Time) test info methodMon Oct 14 2019 15:57:49 GMT+0800 (China Standard Time) easy-node-logger: Mon Oct 14 2019 15:57:49 GMT+0800 (China Standard Time) test info methodMon Oct 14 2019 15:57:49 GMT+0800 (China Standard Time) easy-node-logger: Mon Oct 14 2019 15:57:49 GMT+0800 (China Standard Time) test info methodMon Oct 14 2019 15:57:49 GMT+0800 (China Standard Time) easy-node-logger: Mon Oct 14 2019 15:57:49 GMT+0800 (China Standard Time) test info methodMon Oct 14 2019 15:57:49 GMT+0800 (China Standard Time) easy-node-logger: Mon Oct 14 2019 15:57:49 GMT+0800 (China Standard Time) test info methodMon Oct 14 2019 15:57:49 GMT+0800 (China Standard Time) easy-node-logger: Mon Oct 14 2019 15:57:49 GMT+0800 (China Standard Time) test info methodMon Oct 14 2019 15:57:49 GMT+0800 (China Standard Time) easy-node-logger: Mon Oct 14 2019 15:57:49 GMT+0800 (China Standard Time) test info methodMon Oct 14 2019 15:57:49 GMT+0800 (China Standard Time) easy-node-logger: Mon Oct 14 2019 15:57:49 GMT+0800 (China Standard Time) test info methodMon Oct 14 2019 15:57:49 GMT+0800 (China Standard Time) easy-node-logger: Mon Oct 14 2019 15:57:49 GMT+0800 (China Standard Time) test info methodMon Oct 14 2019 15:57:49 GMT+0800 (China Standard Time) easy-node-logger: Mon Oct 14 2019 15:57:49 GMT+0800 (China Standard Time) test info methodMon Oct 14 2019 15:57:49 GMT+0800 (China Standard Time) easy-node-logger: Mon Oct 14 2019 15:57:49 GMT+0800 (China Standard Time) test info methodMon Oct 14 2019 15:57:49 GMT+0800 (China Standard Time) easy-node-logger: Mon Oct 14 2019 15:57:49 GMT+0800 (China Standard Time) test info methodMon Oct 14 2019 15:57:49 GMT+0800 (China Standard Time) easy-node-logger: Mon Oct 14 2019 15:57:49 GMT+0800 (China Standard Time) test info methodMon Oct 14 2019 15:57:49 GMT+0800 (China Standard Time) easy-node-logger: Mon Oct 14 2019 15:57:49 GMT+0800 (China Standard Time) test info methodMon Oct 14 2019 15:57:49 GMT+0800 (China Standard Time) easy-node-logger: Mon Oct 14 2019 15:57:49 GMT+0800 (China Standard Time) test info methodMon Oct 14 2019 15:57:49 GMT+0800 (China Standard Time) easy-node-logger: Mon Oct 14 2019 15:57:49 GMT+0800 (China Standard Time) test info methodMon Oct 14 2019 15:57:49 GMT+0800 (China Standard Time) easy-node-logger: Mon Oct 14 2019 15:57:49 GMT+0800 (China Standard Time) test info methodMon Oct 14 2019 15:57:49 GMT+0800 (China Standard Time) easy-node-logger: Mon Oct 14 2019 15:57:49 GMT+0800 (China Standard Time) test info methodMon Oct 14 2019 15:57:49 GMT+0800 (China Standard Time) easy-node-logger: Mon Oct 14 2019 15:57:49 GMT+0800 (China Standard Time) test info methodMon Oct 14 2019 15:57:49 GMT+0800 (China Standard Time) easy-node-logger: Mon Oct 14 2019 15:57:49 GMT+0800 (China Standard Time) test info methodMon Oct 14 2019 15:57:49 GMT+0800 (China Standard Time) easy-node-logger: Mon Oct 14 2019 15:57:49 GMT+0800 (China Standard Time) test info methodMon Oct 14 2019 15:57:49 GMT+0800 (China Standard Time) easy-node-logger: Mon Oct 14 2019 15:57:49 GMT+0800 (China Standard Time) test info methodMon Oct 14 2019 15:57:49 GMT+0800 (China Standard Time) easy-node-logger: Mon Oct 14 2019 15:57:49 GMT+0800 (China Standard Time) test info methodMon Oct 14 2019 15:57:49 GMT+0800 (China Standard Time) easy-node-logger: Mon Oct 14 2019 15:57:49 GMT+0800 (China Standard Time) test info methodMon Oct 14 2019 15:57:49 GMT+0800 (China Standard Time) easy-node-logger: Mon Oct 14 2019 15:57:49 GMT+0800 (China Standard Time) test info methodMon Oct 14 2019 15:57:49 GMT+0800 (China Standard Time) easy-node-logger: Mon Oct 14 2019 15:57:49 GMT+0800 (China Standard Time) test info methodMon Oct 14 2019 15:57:49 GMT+0800 (China Standard Time) easy-node-logger: Mon Oct 14 2019 15:57:49 GMT+0800 (China Standard Time) test info methodMon Oct 14 2019 15:57:49 GMT+0800 (China Standard Time) easy-node-logger: Mon Oct 14 2019 15:57:49 GMT+0800 (China Standard Time) test info methodMon Oct 14 2019 15:57:49 GMT+0800 (China Standard Time) easy-node-logger: Mon Oct 14 2019 15:57:49 GMT+0800 (China Standard Time) test info methodMon Oct 14 2019 15:57:49 GMT+0800 (China Standard Time) easy-node-logger: Mon Oct 14 2019 15:57:49 GMT+0800 (China Standard Time) test info methodMon Oct 14 2019 15:57:49 GMT+0800 (China Standard Time) easy-node-logger: Mon Oct 14 2019 15:57:49 GMT+0800 (China Standard Time) test info methodMon Oct 14 2019 15:57:49 GMT+0800 (China Standard Time) easy-node-logger: Mon Oct 14 2019 15:57:49 GMT+0800 (China Standard Time) test info methodMon Oct 14 2019 15:57:49 GMT+0800 (China Standard Time) easy-node-logger: Mon Oct 14 2019 15:57:49 GMT+0800 (China Standard Time) test info methodMon Oct 14 2019 15:57:49 GMT+0800 (China Standard Time) easy-node-logger: Mon Oct 14 2019 15:57:49 GMT+0800 (China Standard Time) test info methodMon Oct 14 2019 15:57:49 GMT+0800 (China Standard Time) easy-node-logger: Mon Oct 14 2019 15:57:49 GMT+0800 (China Standard Time) test info methodMon Oct 14 2019 15:57:49 GMT+0800 (China Standard Time) easy-node-logger: Mon Oct 14 2019 15:57:49 GMT+0800 (China Standard Time) test info methodMon Oct 14 2019 15:57:49 GMT+0800 (China Standard Time) easy-node-logger: Mon Oct 14 2019 15:57:49 GMT+0800 (China Standard Time) test info methodMon Oct 14 2019 15:57:49 GMT+0800 (China Standard Time) easy-node-logger: Mon Oct 14 2019 15:57:49 GMT+0800 (China Standard Time) test info methodMon Oct 14 2019 15:57:49 GMT+0800 (China Standard Time) easy-node-logger: Mon Oct 14 2019 15:57:49 GMT+0800 (China Standard Time) test info methodMon Oct 14 2019 15:57:49 GMT+0800 (China Standard Time) easy-node-logger: Mon Oct 14 2019 15:57:49 GMT+0800 (China Standard Time) test info methodMon Oct 14 2019 15:57:49 GMT+0800 (China Standard Time) easy-node-logger: Mon Oct 14 2019 15:57:49 GMT+0800 (China Standard Time) test info methodMon Oct 14 2019 15:57:49 GMT+0800 (China Standard Time) easy-node-logger: Mon Oct 14 2019 15:57:49 GMT+0800 (China Standard Time) test info methodMon Oct 14 2019 15:57:49 GMT+0800 (China Standard Time) easy-node-logger: Mon Oct 14 2019 15:57:49 GMT+0800 (China Standard Time) test info methodMon Oct 14 2019 15:57:49 GMT+0800 (China Standard Time) easy-node-logger: Mon Oct 14 2019 15:57:49 GMT+0800 (China Standard Time) test info methodMon Oct 14 2019 15:57:49 GMT+0800 (China Standard Time) easy-node-logger: Mon Oct 14 2019 15:57:49 GMT+0800 (China Standard Time) test info methodMon Oct 14 2019 15:57:49 GMT+0800 (China Standard Time) easy-node-logger: Mon Oct 14 2019 15:57:49 GMT+0800 (China Standard Time) test info methodMon Oct 14 2019 15:57:49 GMT+0800 (China Standard Time) easy-node-logger: Mon Oct 14 2019 15:57:49 GMT+0800 (China Standard Time) test info methodMon Oct 14 2019 15:57:49 GMT+0800 (China Standard Time) easy-node-logger: Mon Oct 14 2019 15:57:49 GMT+0800 (China Standard Time) test info methodMon Oct 14 2019 15:57:49 GMT+0800 (China Standard Time) easy-node-logger: Mon Oct 14 2019 15:57:49 GMT+0800 (China Standard Time) test info methodMon Oct 14 2019 15:57:49 GMT+0800 (China Standard Time) easy-node-logger: Mon Oct 14 2019 15:57:49 GMT+0800 (China Standard Time) test info methodMon Oct 14 2019 15:57:49 GMT+0800 (China Standard Time) easy-node-logger: Mon Oct 14 2019 15:57:49 GMT+0800 (China Standard Time) test info methodMon Oct 14 2019 15:57:49 GMT+0800 (China Standard Time) easy-node-logger: Mon Oct 14 2019 15:57:49 GMT+0800 (China Standard Time) test info methodMon Oct 14 2019 15:57:49 GMT+0800 (China Standard Time) easy-node-logger: Mon Oct 14 2019 15:57:49 GMT+0800 (China Standard Time) test info methodMon Oct 14 2019 15:57:49 GMT+0800 (China Standard Time) easy-node-logger: Mon Oct 14 2019 15:57:49 GMT+0800 (China Standard Time) test info methodMon Oct 14 2019 15:57:49 GMT+0800 (China Standard Time) easy-node-logger: Mon Oct 14 2019 15:57:49 GMT+0800 (China Standard Time) test info methodMon Oct 14 2019 15:57:49 GMT+0800 (China Standard Time) easy-node-logger: Mon Oct 14 2019 15:57:49 GMT+0800 (China Standard Time) test info methodMon Oct 14 2019 15:57:49 GMT+0800 (China Standard Time) easy-node-logger: Mon Oct 14 2019 15:57:49 GMT+0800 (China Standard Time) test info methodMon Oct 14 2019 15:57:49 GMT+0800 (China Standard Time) easy-node-logger: Mon Oct 14 2019 15:57:49 GMT+0800 (China Standard Time) test info methodMon Oct 14 2019 15:57:49 GMT+0800 (China Standard Time) easy-node-logger: Mon Oct 14 2019 15:57:49 GMT+0800 (China Standard Time) test info method